Component: ARM Compiler 5.06 update 4 (build 422) Tool: armlink [4d35d2]

==============================================================================

Section Cross References

    startup_stm32f103xe.o(STACK) refers (Special) to heapauxi.o(.text) for __use_two_region_memory
    startup_stm32f103xe.o(HEAP) refers (Special) to heapauxi.o(.text) for __use_two_region_memory
    startup_stm32f103xe.o(RESET) refers (Special) to heapauxi.o(.text) for __use_two_region_memory
    startup_stm32f103xe.o(RESET) refers to startup_stm32f103xe.o(STACK) for __initial_sp
    startup_stm32f103xe.o(RESET) refers to startup_stm32f103xe.o(.text) for Reset_Handler
    startup_stm32f103xe.o(RESET) refers to stm32f1xx_it.o(i.NMI_Handler) for NMI_Handler
    startup_stm32f103xe.o(RESET) refers to stm32f1xx_it.o(i.HardFault_Handler) for HardFault_Handler
    startup_stm32f103xe.o(RESET) refers to stm32f1xx_it.o(i.MemManage_Handler) for MemManage_Handler
    startup_stm32f103xe.o(RESET) refers to stm32f1xx_it.o(i.BusFault_Handler) for BusFault_Handler
    startup_stm32f103xe.o(RESET) refers to stm32f1xx_it.o(i.UsageFault_Handler) for UsageFault_Handler
    startup_stm32f103xe.o(RESET) refers to stm32f1xx_it.o(i.SVC_Handler) for SVC_Handler
    startup_stm32f103xe.o(RESET) refers to stm32f1xx_it.o(i.DebugMon_Handler) for DebugMon_Handler
    startup_stm32f103xe.o(RESET) refers to stm32f1xx_it.o(i.PendSV_Handler) for PendSV_Handler
    startup_stm32f103xe.o(RESET) refers to stm32f1xx_it.o(i.SysTick_Handler) for SysTick_Handler
    startup_stm32f103xe.o(RESET) refers to stm32f1xx_it.o(i.I2C1_EV_IRQHandler) for I2C1_EV_IRQHandler
    startup_stm32f103xe.o(RESET) refers to stm32f1xx_it.o(i.I2C1_ER_IRQHandler) for I2C1_ER_IRQHandler
    startup_stm32f103xe.o(RESET) refers to stm32f1xx_it.o(i.USART1_IRQHandler) for USART1_IRQHandler
    startup_stm32f103xe.o(RESET) refers to stm32f1xx_it.o(i.TIM6_IRQHandler) for TIM6_IRQHandler
    startup_stm32f103xe.o(.text) refers (Special) to heapauxi.o(.text) for __use_two_region_memory
    startup_stm32f103xe.o(.text) refers to system_stm32f1xx.o(i.SystemInit) for SystemInit
    startup_stm32f103xe.o(.text) refers to __main.o(!!!main) for __main
    startup_stm32f103xe.o(.text) refers to startup_stm32f103xe.o(HEAP) for Heap_Mem
    startup_stm32f103xe.o(.text) refers to startup_stm32f103xe.o(STACK) for Stack_Mem
    pid.o(i.ALL_Pid_Init) refers to pid.o(i.WZPid_Init) for WZPid_Init
    pid.o(i.ALL_Pid_Init) refers to pid.o(.bss) for .bss
    pid.o(i.Chassis_Output_Zero) refers to chassis.o(i.Moto1_Speed_Output) for Moto1_Speed_Output
    pid.o(i.Chassis_Output_Zero) refers to chassis.o(i.Moto2_Speed_Output) for Moto2_Speed_Output
    pid.o(i.Chassis_Output_Zero) refers to chassis.o(i.Moto3_Speed_Output) for Moto3_Speed_Output
    pid.o(i.Chassis_Output_Zero) refers to chassis.o(i.Moto4_Speed_Output) for Moto4_Speed_Output
    pid.o(i.Chassis_WZPid_Output) refers to ffix.o(x$fpl$ffix) for __aeabi_f2iz
    pid.o(i.Chassis_WZPid_Output) refers to chassis.o(i.Moto1_Speed_Output) for Moto1_Speed_Output
    pid.o(i.Chassis_WZPid_Output) refers to chassis.o(i.Moto2_Speed_Output) for Moto2_Speed_Output
    pid.o(i.Chassis_WZPid_Output) refers to chassis.o(i.Moto3_Speed_Output) for Moto3_Speed_Output
    pid.o(i.Chassis_WZPid_Output) refers to chassis.o(i.Moto4_Speed_Output) for Moto4_Speed_Output
    pid.o(i.Chassis_WZPid_Output) refers to pid.o(.bss) for .bss
    pid.o(i.WZPid) refers to faddsub_clz.o(x$fpl$fsub) for __aeabi_fsub
    pid.o(i.WZPid) refers to fmul.o(x$fpl$fmul) for __aeabi_fmul
    pid.o(i.WZPid) refers to faddsub_clz.o(x$fpl$fadd) for __aeabi_fadd
    pid.o(i.WZPid) refers to frleqf.o(x$fpl$frleqf) for __aeabi_cfrcmple
    pid.o(i.WZ_Pid_Calculation) refers to fflt_clz.o(x$fpl$fflt) for __aeabi_i2f
    pid.o(i.WZ_Pid_Calculation) refers to pid.o(i.WZPid) for WZPid
    pid.o(i.WZ_Pid_Calculation) refers to chassis.o(.bss) for MotoData
    pid.o(i.WZ_Pid_Calculation) refers to pid.o(.bss) for .bss
    steering_engine.o(i.Steering_Engine_Init) refers to stm32f1xx_hal_tim.o(i.HAL_TIM_PWM_Start) for HAL_TIM_PWM_Start
    steering_engine.o(i.Steering_Engine_Init) refers to tim_1.o(.bss) for htim2
    steering_engine.o(i.Steering_Engine_Prick_Balloon) refers to tim_1.o(.bss) for htim2
    steering_engine.o(i.Steering_Engine_Stop) refers to tim_1.o(.bss) for htim2
    tracking.o(i.Car_Target_Speed) refers to chassis.o(i.Car_Turn) for Car_Turn
    tracking.o(i.Car_Target_Speed) refers to chassis.o(i.Car_Forward) for Car_Forward
    tracking.o(i.Car_Target_Speed) refers to tracking.o(.data) for .data
    tracking.o(i.Judge_Turn_Amplitude) refers to tracking.o(.bss) for .bss
    tracking.o(i.Judge_Turn_Amplitude) refers to tracking.o(.data) for .data
    tracking.o(i.Read_GPIO) refers to stm32f1xx_hal_gpio.o(i.HAL_GPIO_ReadPin) for HAL_GPIO_ReadPin
    tracking.o(i.Read_GPIO) refers to tracking.o(.bss) for .bss
    chassis.o(i.Car_Forward) refers to chassis.o(.bss) for .bss
[...]
    .ARM.Collect$$libinit$$00000002          0x080001a6   Section        0  libinit2.o(.ARM.Collect$$libinit$$00000002)
    .ARM.Collect$$libinit$$00000004          0x080001a6   Section        0  libinit2.o(.ARM.Collect$$libinit$$00000004)
    .ARM.Collect$$libinit$$0000000A          0x080001a6   Section        0  libinit2.o(.ARM.Collect$$libinit$$0000000A)
    .ARM.Collect$$libinit$$0000000C          0x080001a6   Section        0  libinit2.o(.ARM.Collect$$libinit$$0000000C)
    .ARM.Collect$$libinit$$0000000E          0x080001a6   Section        0  libinit2.o(.ARM.Collect$$libinit$$0000000E)
    .ARM.Collect$$libinit$$00000011          0x080001a6   Section        0  libinit2.o(.ARM.Collect$$libinit$$00000011)
    .ARM.Collect$$libinit$$00000013          0x080001a6   Section        0  libinit2.o(.ARM.Collect$$libinit$$00000013)
    .ARM.Collect$$libinit$$00000015          0x080001a6   Section        0  libinit2.o(.ARM.Collect$$libinit$$00000015)
    .ARM.Collect$$libinit$$00000017          0x080001a6   Section        0  libinit2.o(.ARM.Collect$$libinit$$00000017)
    .ARM.Collect$$libinit$$00000019          0x080001a6   Section        0  libinit2.o(.ARM.Collect$$libinit$$00000019)
    .ARM.Collect$$libinit$$0000001B          0x080001a6   Section        0  libinit2.o(.ARM.Collect$$libinit$$0000001B)
    .ARM.Collect$$libinit$$0000001D          0x080001a6   Section        0  libinit2.o(.ARM.Collect$$libinit$$0000001D)
    .ARM.Collect$$libinit$$0000001F          0x080001a6   Section        0  libinit2.o(.ARM.Collect$$libinit$$0000001F)
    .ARM.Collect$$libinit$$00000021          0x080001a6   Section        0  libinit2.o(.ARM.Collect$$libinit$$00000021)
    .ARM.Collect$$libinit$$00000023          0x080001a6   Section        0  libinit2.o(.ARM.Collect$$libinit$$00000023)
    .ARM.Collect$$libinit$$00000025          0x080001a6   Section        0  libinit2.o(.ARM.Collect$$libinit$$00000025)
    .ARM.Collect$$libinit$$0000002C          0x080001a6   Section        0  libinit2.o(.ARM.Collect$$libinit$$0000002C)
    .ARM.Collect$$libinit$$0000002E          0x080001a6   Section        0  libinit2.o(.ARM.Collect$$libinit$$0000002E)
    .ARM.Collect$$libinit$$00000030          0x080001a6   Section        0  libinit2.o(.ARM.Collect$$libinit$$00000030)
    .ARM.Collect$$libinit$$00000032          0x080001a6   Section        0  libinit2.o(.ARM.Collect$$libinit$$00000032)
    .ARM.Collect$$libinit$$00000033          0x080001a6   Section        2  libinit2.o(.ARM.Collect$$libinit$$00000033)
    .ARM.Collect$$libshutdown$$00000000      0x080001a8   Section        2  libshutdown.o(.ARM.Collect$$libshutdown$$00000000)
    .ARM.Collect$$libshutdown$$00000002      0x080001aa   Section        0  libshutdown2.o(.ARM.Collect$$libshutdown$$00000002)
    .ARM.Collect$$libshutdown$$00000004      0x080001aa   Section        0  libshutdown2.o(.ARM.Collect$$libshutdown$$00000004)
    .ARM.Collect$$libshutdown$$00000007      0x080001aa   Section        0  libshutdown2.o(.ARM.Collect$$libshutdown$$00000007)
    .ARM.Collect$$libshutdown$$0000000A      0x080001aa   Section        0  libshutdown2.o(.ARM.Collect$$libshutdown$$0000000A)
    .ARM.Collect$$libshutdown$$0000000C      0x080001aa   Section        0  libshutdown2.o(.ARM.Collect$$libshutdown$$0000000C)
    .ARM.Collect$$libshutdown$$0000000F      0x080001aa   Section        0  libshutdown2.o(.ARM.Collect$$libshutdown$$0000000F)
    .ARM.Collect$$libshutdown$$00000010      0x080001aa   Section        2  libshutdown2.o(.ARM.Collect$$libshutdown$$00000010)
    .ARM.Collect$$rtentry$$00000000          0x080001ac   Section        0  __rtentry.o(.ARM.Collect$$rtentry$$00000000)
    .ARM.Collect$$rtentry$$00000002          0x080001ac   Section        0  __rtentry2.o(.ARM.Collect$$rtentry$$00000002)
    .ARM.Collect$$rtentry$$00000004          0x080001ac   Section        6  __rtentry4.o(.ARM.Collect$$rtentry$$00000004)
    .ARM.Collect$$rtentry$$00000009          0x080001b2   Section        0  __rtentry2.o(.ARM.Collect$$rtentry$$00000009)
    .ARM.Collect$$rtentry$$0000000A          0x080001b2   Section        4  __rtentry2.o(.ARM.Collect$$rtentry$$0000000A)
    .ARM.Collect$$rtentry$$0000000C          0x080001b6   Section        0  __rtentry2.o(.ARM.Collect$$rtentry$$0000000C)
    .ARM.Collect$$rtentry$$0000000D          0x080001b6   Section        8  __rtentry2.o(.ARM.Collect$$rtentry$$0000000D)
    .ARM.Collect$$rtexit$$00000000           0x080001be   Section        2  rtexit.o(.ARM.Collect$$rtexit$$00000000)
    .ARM.Collect$$rtexit$$00000002           0x080001c0   Section        0  rtexit2.o(.ARM.Collect$$rtexit$$00000002)
    .ARM.Collect$$rtexit$$00000003           0x080001c0   Section        4  rtexit2.o(.ARM.Collect$$rtexit$$00000003)
    .ARM.Collect$$rtexit$$00000004           0x080001c4   Section        6  rtexit2.o(.ARM.Collect$$rtexit$$00000004)
    .text                                    0x080001cc   Section       64  startup_stm32f103xe.o(.text)
    .text                                    0x0800020c   Section       78  rt_memclr_w.o(.text)
    .text                                    0x0800025a   Section        0  heapauxi.o(.text)
    .text                                    0x08000260   Section       74  sys_stackheap_outer.o(.text)
    .text                                    0x080002aa   Section        0  exit.o(.text)
    .text                                    0x080002bc   Section        8  libspace.o(.text)
    .text                                    0x080002c4   Section        0  sys_exit.o(.text)
    .text                                    0x080002d0   Section        2  use_no_semi.o(.text)
    .text                                    0x080002d2   Section        0  indicate_semi.o(.text)
    i.ALL_Pid_Init                           0x080002d4   Section        0  pid.o(i.ALL_Pid_Init)
    i.BusFault_Handler                       0x08000334   Section        0  stm32f1xx_it.o(i.BusFault_Handler)
    i.Car_Forward                            0x08000338   Section        0  chassis.o(i.Car_Forward)
    i.Car_Target_Speed                       0x08000348   Section        0  tracking.o(i.Car_Target_Speed)
    i.Car_Turn                               0x080003b4   Section        0  chassis.o(i.Car_Turn)
    i.Chassis_Init                           0x080003c4   Section        0  chassis.o(i.Chassis_Init)
    i.Chassis_Output_Zero                    0x080003f0   Section        0  pid.o(i.Chassis_Output_Zero)
    i.Chassis_WZPid_Output                   0x08000410   Section        0  pid.o(i.Chassis_WZPid_Output)
    i.DebugMon_Handler                       0x08000448   Section        0  stm32f1xx_it.o(i.DebugMon_Handler)
    i.Encoder_Init                           0x0800044c   Section        0  encoder.o(i.Encoder_Init)
    i.Error_Handler                          0x08000484   Section        0  main.o(i.Error_Handler)
    i.HAL_DMA_Abort                          0x08000488   Section        0  stm32f1xx_hal_dma.o(i.HAL_DMA_Abort)
    i.HAL_DMA_Abort_IT                       0x080004d0   Section        0  stm32f1xx_hal_dma.o(i.HAL_DMA_Abort_IT)
    i.HAL_DMA_GetState                       0x08000600   Section        0  stm32f1xx_hal_dma.o(i.HAL_DMA_GetState)
    i.HAL_GPIO_Init                          0x08000608   Section        0  stm32f1xx_hal_gpio.o(i.HAL_GPIO_Init)
    i.HAL_GPIO_ReadPin                       0x08000800   Section        0  stm32f1xx_hal_gpio.o(i.HAL_GPIO_ReadPin)
    i.HAL_GPIO_WritePin                      0x0800080a   Section        0  stm32f1xx_hal_gpio.o(i.HAL_GPIO_WritePin)
    i.HAL_GetTick                            0x08000814   Section        0  stm32f1xx_hal.o(i.HAL_GetTick)
    i.HAL_I2C_AbortCpltCallback              0x08000820   Section        0  stm32f1xx_hal_i2c.o(i.HAL_I2C_AbortCpltCallback)
    i.HAL_I2C_AddrCallback                   0x08000822   Section        0  stm32f1xx_hal_i2c.o(i.HAL_I2C_AddrCallback)
    i.HAL_I2C_ER_IRQHandler                  0x08000824   Section        0  stm32f1xx_hal_i2c.o(i.HAL_I2C_ER_IRQHandler)
    i.HAL_I2C_EV_IRQHandler                  0x080008e8   Section        0  stm32f1xx_hal_i2c.o(i.HAL_I2C_EV_IRQHandler)
    i.HAL_I2C_ErrorCallback                  0x08000b18   Section        0  stm32f1xx_hal_i2c.o(i.HAL_I2C_ErrorCallback)
    i.HAL_I2C_Init                           0x08000b1c   Section        0  stm32f1xx_hal_i2c.o(i.HAL_I2C_Init)
    i.HAL_I2C_ListenCpltCallback             0x08000ca4   Section        0  stm32f1xx_hal_i2c.o(i.HAL_I2C_ListenCpltCallback)
    i.HAL_I2C_MasterRxCpltCallback           0x08000ca6   Section        0  stm32f1xx_hal_i2c.o(i.HAL_I2C_MasterRxCpltCallback)
    i.HAL_I2C_MasterTxCpltCallback           0x08000ca8   Section        0  stm32f1xx_hal_i2c.o(i.HAL_I2C_MasterTxCpltCallback)
    i.HAL_I2C_MemRxCpltCallback              0x08000caa   Section        0  stm32f1xx_hal_i2c.o(i.HAL_I2C_MemRxCpltCallback)
    i.HAL_I2C_MemTxCpltCallback              0x08000cac   Section        0  stm32f1xx_hal_i2c.o(i.HAL_I2C_MemTxCpltCallback)
    i.HAL_I2C_MspInit                        0x08000cb0   Section        0  i2c.o(i.HAL_I2C_MspInit)
    i.HAL_I2C_SlaveRxCpltCallback            0x08000d2c   Section        0  stm32f1xx_hal_i2c.o(i.HAL_I2C_SlaveRxCpltCallback)
    i.HAL_I2C_SlaveTxCpltCallback            0x08000d2e   Section        0  stm32f1xx_hal_i2c.o(i.HAL_I2C_SlaveTxCpltCallback)
    i.HAL_IncTick                            0x08000d30   Section        0  stm32f1xx_hal.o(i.HAL_IncTick)
    i.HAL_Init                               0x08000d40   Section        0  stm32f1xx_hal.o(i.HAL_Init)
    i.HAL_InitTick                           0x08000d64   Section        0  stm32f1xx_hal.o(i.HAL_InitTick)
    i.HAL_MspInit                            0x08000da4   Section        0  stm32f1xx_hal_msp.o(i.HAL_MspInit)
    i.HAL_NVIC_EnableIRQ                     0x08000de0   Section        0  stm32f1xx_hal_cortex.o(i.HAL_NVIC_EnableIRQ)
    i.HAL_NVIC_SetPriority                   0x08000dfc   Section        0  stm32f1xx_hal_cortex.o(i.HAL_NVIC_SetPriority)
    i.HAL_NVIC_SetPriorityGrouping           0x08000e3c   Section        0  stm32f1xx_hal_cortex.o(i.HAL_NVIC_SetPriorityGrouping)
    i.HAL_RCC_ClockConfig                    0x08000e60   Section        0  stm32f1xx_hal_rcc.o(i.HAL_RCC_ClockConfig)
    i.HAL_RCC_GetPCLK1Freq                   0x08000f8c   Section        0  stm32f1xx_hal_rcc.o(i.HAL_RCC_GetPCLK1Freq)
    i.HAL_RCC_GetPCLK2Freq                   0x08000fac   Section        0  stm32f1xx_hal_rcc.o(i.HAL_RCC_GetPCLK2Freq)
    i.HAL_RCC_GetSysClockFreq                0x08000fcc   Section        0  stm32f1xx_hal_rcc.o(i.HAL_RCC_GetSysClockFreq)
    i.HAL_RCC_OscConfig                      0x08001038   Section        0  stm32f1xx_hal_rcc.o(i.HAL_RCC_OscConfig)
    i.HAL_SYSTICK_Config                     0x08001358   Section        0  stm32f1xx_hal_cortex.o(i.HAL_SYSTICK_Config)
    i.HAL_TIMEx_BreakCallback                0x08001380   Section        0  stm32f1xx_hal_tim_ex.o(i.HAL_TIMEx_BreakCallback)
    i.HAL_TIMEx_CommutCallback               0x08001382   Section        0  stm32f1xx_hal_tim_ex.o(i.HAL_TIMEx_CommutCallback)
    i.HAL_TIMEx_MasterConfigSynchronization  0x08001384   Section        0  stm32f1xx_hal_tim_ex.o(i.HAL_TIMEx_MasterConfigSynchronization)
    i.HAL_TIM_Base_Init                      0x08001400   Section        0  stm32f1xx_hal_tim.o(i.HAL_TIM_Base_Init)
    i.HAL_TIM_Base_MspInit                   0x0800145c   Section        0  tim_1.o(i.HAL_TIM_Base_MspInit)
    i.HAL_TIM_Base_Start_IT                  0x08001498   Section        0  stm32f1xx_hal_tim.o(i.HAL_TIM_Base_Start_IT)
    i.HAL_TIM_Encoder_Init                   0x08001504   Section        0  stm32f1xx_hal_tim.o(i.HAL_TIM_Encoder_Init)
    i.HAL_TIM_Encoder_MspInit                0x080015a8   Section        0  tim_1.o(i.HAL_TIM_Encoder_MspInit)
    i.HAL_TIM_Encoder_Start                  0x080016d0   Section        0  stm32f1xx_hal_tim.o(i.HAL_TIM_Encoder_Start)
    i.HAL_TIM_IC_CaptureCallback             0x0800175e   Section        0  stm32f1xx_hal_tim.o(i.HAL_TIM_IC_CaptureCallback)
    i.HAL_TIM_IRQHandler                     0x08001760   Section        0  stm32f1xx_hal_tim.o(i.HAL_TIM_IRQHandler)
    i.HAL_TIM_MspPostInit                    0x080018c8   Section        0  tim_1.o(i.HAL_TIM_MspPostInit)
    i.HAL_TIM_OC_DelayElapsedCallback        0x08001958   Section        0  stm32f1xx_hal_tim.o(i.HAL_TIM_OC_DelayElapsedCallback)
    i.HAL_TIM_PWM_ConfigChannel              0x0800195a   Section        0  stm32f1xx_hal_tim.o(i.HAL_TIM_PWM_ConfigChannel)
    i.HAL_TIM_PWM_Init                       0x08001a20   Section        0  stm32f1xx_hal_tim.o(i.HAL_TIM_PWM_Init)
    i.HAL_TIM_PWM_MspInit                    0x08001a7c   Section        0  tim_1.o(i.HAL_TIM_PWM_MspInit)
    i.HAL_TIM_PWM_PulseFinishedCallback      0x08001ab8   Section        0  stm32f1xx_hal_tim.o(i.HAL_TIM_PWM_PulseFinishedCallback)
    i.HAL_TIM_PWM_Start                      0x08001abc   Section        0  stm32f1xx_hal_tim.o(i.HAL_TIM_PWM_Start)
    i.HAL_TIM_PeriodElapsedCallback          0x08001b70   Section        0  stm32f1xx_hal_tim.o(i.HAL_TIM_PeriodElapsedCallback)
    i.HAL_TIM_TriggerCallback                0x08001b72   Section        0  stm32f1xx_hal_tim.o(i.HAL_TIM_TriggerCallback)
    i.HAL_UARTEx_RxEventCallback             0x08001b74   Section        0  stm32f1xx_hal_uart.o(i.HAL_UARTEx_RxEventCallback)
    i.HAL_UART_ErrorCallback                 0x08001b76   Section        0  stm32f1xx_hal_uart.o(i.HAL_UART_ErrorCallback)
    i.HAL_UART_IRQHandler                    0x08001b78   Section        0  stm32f1xx_hal_uart.o(i.HAL_UART_IRQHandler)
    i.HAL_UART_Init                          0x08001d84   Section        0  stm32f1xx_hal_uart.o(i.HAL_UART_Init)
    i.HAL_UART_MspInit                       0x08001de8   Section        0  usart.o(i.HAL_UART_MspInit)
    i.HAL_UART_Receive_IT                    0x08001e68   Section        0  stm32f1xx_hal_uart.o(i.HAL_UART_Receive_IT)
    i.HAL_UART_RxCpltCallback                0x08001e94   Section        0  opencv.o(i.HAL_UART_RxCpltCallback)
    i.HAL_UART_TxCpltCallback                0x08001ec4   Section        0  stm32f1xx_hal_uart.o(i.HAL_UART_TxCpltCallback)
    i.HardFault_Handler                      0x08001ec6   Section        0  stm32f1xx_it.o(i.HardFault_Handler)
    i.I2C1_ER_IRQHandler                     0x08001ec8   Section        0  stm32f1xx_it.o(i.I2C1_ER_IRQHandler)
    i.I2C1_EV_IRQHandler                     0x08001ed4   Section        0  stm32f1xx_it.o(i.I2C1_EV_IRQHandler)
    i.I2C_DMAAbort                           0x08001ee0   Section        0  stm32f1xx_hal_i2c.o(i.I2C_DMAAbort)
    I2C_DMAAbort                             0x08001ee1   Thumb Code   182  stm32f1xx_hal_i2c.o(i.I2C_DMAAbort)
    i.I2C_ITError                            0x08001f9c   Section        0  stm32f1xx_hal_i2c.o(i.I2C_ITError)
    I2C_ITError                              0x08001f9d   Thumb Code   336  stm32f1xx_hal_i2c.o(i.I2C_ITError)
    i.I2C_MasterReceive_BTF                  0x080020f4   Section        0  stm32f1xx_hal_i2c.o(i.I2C_MasterReceive_BTF)
    I2C_MasterReceive_BTF                    0x080020f5   Thumb Code   210  stm32f1xx_hal_i2c.o(i.I2C_MasterReceive_BTF)
    i.I2C_MasterReceive_RXNE                 0x080021c8   Section        0  stm32f1xx_hal_i2c.o(i.I2C_MasterReceive_RXNE)
    I2C_MasterReceive_RXNE                   0x080021c9   Thumb Code   228  stm32f1xx_hal_i2c.o(i.I2C_MasterReceive_RXNE)
    i.I2C_MasterTransmit_BTF                 0x080022b0   Section        0  stm32f1xx_hal_i2c.o(i.I2C_MasterTransmit_BTF)
    I2C_MasterTransmit_BTF                   0x080022b1   Thumb Code   130  stm32f1xx_hal_i2c.o(i.I2C_MasterTransmit_BTF)
    i.I2C_MasterTransmit_TXE                 0x08002334   Section        0  stm32f1xx_hal_i2c.o(i.I2C_MasterTransmit_TXE)
    I2C_MasterTransmit_TXE                   0x08002335   Thumb Code   182  stm32f1xx_hal_i2c.o(i.I2C_MasterTransmit_TXE)
    i.I2C_Master_ADDR                        0x080023ec   Section        0  stm32f1xx_hal_i2c.o(i.I2C_Master_ADDR)
    I2C_Master_ADDR                          0x080023ed   Thumb Code   340  stm32f1xx_hal_i2c.o(i.I2C_Master_ADDR)
    i.I2C_Master_SB                          0x08002544   Section        0  stm32f1xx_hal_i2c.o(i.I2C_Master_SB)
    I2C_Master_SB                            0x08002545   Thumb Code   140  stm32f1xx_hal_i2c.o(i.I2C_Master_SB)
    i.I2C_MemoryTransmit_TXE_BTF             0x080025d0   Section        0  stm32f1xx_hal_i2c.o(i.I2C_MemoryTransmit_TXE_BTF)
    I2C_MemoryTransmit_TXE_BTF               0x080025d1   Thumb Code   160  stm32f1xx_hal_i2c.o(i.I2C_MemoryTransmit_TXE_BTF)
    i.I2C_Slave_ADDR                         0x08002670   Section        0  stm32f1xx_hal_i2c.o(i.I2C_Slave_ADDR)
    I2C_Slave_ADDR                           0x08002671   Thumb Code    70  stm32f1xx_hal_i2c.o(i.I2C_Slave_ADDR)
    i.I2C_Slave_AF                           0x080026b8   Section        0  stm32f1xx_hal_i2c.o(i.I2C_Slave_AF)
    I2C_Slave_AF                             0x080026b9   Thumb Code   126  stm32f1xx_hal_i2c.o(i.I2C_Slave_AF)
    i.I2C_Slave_STOPF                        0x0800273c   Section        0  stm32f1xx_hal_i2c.o(i.I2C_Slave_STOPF)
    I2C_Slave_STOPF                          0x0800273d   Thumb Code   338  stm32f1xx_hal_i2c.o(i.I2C_Slave_STOPF)
    i.Judge_Turn_Amplitude                   0x08002898   Section        0  tracking.o(i.Judge_Turn_Amplitude)
    i.MX_GPIO_Init                           0x08002920   Section        0  gpio.o(i.MX_GPIO_Init)
    i.MX_I2C1_Init                           0x080029d8   Section        0  i2c.o(i.MX_I2C1_Init)
    i.MX_TIM1_Init                           0x08002a18   Section        0  tim_1.o(i.MX_TIM1_Init)
    i.MX_TIM2_Init                           0x08002a84   Section        0  tim_1.o(i.MX_TIM2_Init)
    i.MX_TIM3_Init                           0x08002af4   Section        0  tim_1.o(i.MX_TIM3_Init)
    i.MX_TIM4_Init                           0x08002b94   Section        0  tim_1.o(i.MX_TIM4_Init)
    i.MX_TIM5_Init                           0x08002c00   Section        0  tim_1.o(i.MX_TIM5_Init)
    i.MX_TIM6_Init                           0x08002c6c   Section        0  tim_1.o(i.MX_TIM6_Init)
    i.MX_TIM8_Init                           0x08002cb0   Section        0  tim_1.o(i.MX_TIM8_Init)
    i.MX_USART1_UART_Init                    0x08002d1c   Section        0  usart.o(i.MX_USART1_UART_Init)
    i.MemManage_Handler                      0x08002d54   Section        0  stm32f1xx_it.o(i.MemManage_Handler)
    i.Moto1_Draw_Back                        0x08002d58   Section        0  chassis.o(i.Moto1_Draw_Back)
    i.Moto1_Go_Forward                       0x08002d84   Section        0  chassis.o(i.Moto1_Go_Forward)
    i.Moto1_Speed_Output                     0x08002db0   Section        0  chassis.o(i.Moto1_Speed_Output)
    i.Moto1_Stop                             0x08002dc4   Section        0  chassis.o(i.Moto1_Stop)
    i.Moto2_Draw_Back                        0x08002df0   Section        0  chassis.o(i.Moto2_Draw_Back)
    i.Moto2_Go_Forward                       0x08002e1c   Section        0  chassis.o(i.Moto2_Go_Forward)
    i.Moto2_Speed_Output                     0x08002e48   Section        0  chassis.o(i.Moto2_Speed_Output)
    i.Moto2_Stop                             0x08002e5c   Section        0  chassis.o(i.Moto2_Stop)
    i.Moto3_Draw_Back                        0x08002e88   Section        0  chassis.o(i.Moto3_Draw_Back)
    i.Moto3_Go_Forward                       0x08002eb4   Section        0  chassis.o(i.Moto3_Go_Forward)
    i.Moto3_Speed_Output                     0x08002ee0   Section        0  chassis.o(i.Moto3_Speed_Output)
    i.Moto3_Stop                             0x08002ef4   Section        0  chassis.o(i.Moto3_Stop)
    i.Moto4_Draw_Back                        0x08002f20   Section        0  chassis.o(i.Moto4_Draw_Back)
    i.Moto4_Go_Forward                       0x08002f4c   Section        0  chassis.o(i.Moto4_Go_Forward)
    i.Moto4_Speed_Output                     0x08002f78   Section        0  chassis.o(i.Moto4_Speed_Output)
    i.Moto4_Stop                             0x08002f8c   Section        0  chassis.o(i.Moto4_Stop)
    i.NMI_Handler                            0x08002fb8   Section        0  stm32f1xx_it.o(i.NMI_Handler)
    i.Opencv_Init                            0x08002fbc   Section        0  opencv.o(i.Opencv_Init)
    i.PendSV_Handler                         0x08002fd0   Section        0  stm32f1xx_it.o(i.PendSV_Handler)
    i.Read_Encoder_Speed                     0x08002fd4   Section        0  encoder.o(i.Read_Encoder_Speed)
    i.Read_GPIO                              0x08003024   Section        0  tracking.o(i.Read_GPIO)
    i.SVC_Handler                            0x0800307c   Section        0  stm32f1xx_it.o(i.SVC_Handler)
    i.Steering_Engine_Init                   0x08003080   Section        0  steering_engine.o(i.Steering_Engine_Init)
    i.Steering_Engine_Prick_Balloon          0x0800308c   Section        0  steering_engine.o(i.Steering_Engine_Prick_Balloon)
    i.Steering_Engine_Stop                   0x0800309c   Section        0  steering_engine.o(i.Steering_Engine_Stop)
    i.Step_Judge                             0x080030ac   Section        0  mode.o(i.Step_Judge)
    i.Step_One                               0x080030d0   Section        0  mode.o(i.Step_One)
    i.Step_Three                             0x08003124   Section        0  mode.o(i.Step_Three)
    i.Step_Two                               0x08003164   Section        0  mode.o(i.Step_Two)
    i.SysTick_Handler                        0x08003172   Section        0  stm32f1xx_it.o(i.SysTick_Handler)
    i.SystemClock_Config                     0x08003176   Section        0  main.o(i.SystemClock_Config)
    i.SystemInit                             0x080031d4   Section        0  system_stm32f1xx.o(i.SystemInit)
    i.TIM6_IRQHandler                        0x080031d8   Section        0  stm32f1xx_it.o(i.TIM6_IRQHandler)
    i.TIM_Base_SetConfig                     0x080031ec   Section        0  stm32f1xx_hal_tim.o(i.TIM_Base_SetConfig)
    i.TIM_CCxChannelCmd                      0x08003278   Section        0  stm32f1xx_hal_tim.o(i.TIM_CCxChannelCmd)
    i.TIM_OC1_SetConfig                      0x08003294   Section        0  stm32f1xx_hal_tim.o(i.TIM_OC1_SetConfig)
    TIM_OC1_SetConfig                        0x08003295   Thumb Code    88  stm32f1xx_hal_tim.o(i.TIM_OC1_SetConfig)
    i.TIM_OC2_SetConfig                      0x080032f4   Section        0  stm32f1xx_hal_tim.o(i.TIM_OC2_SetConfig)
    i.TIM_OC3_SetConfig                      0x08003360   Section        0  stm32f1xx_hal_tim.o(i.TIM_OC3_SetConfig)
    TIM_OC3_SetConfig                        0x08003361   Thumb Code    96  stm32f1xx_hal_tim.o(i.TIM_OC3_SetConfig)
    i.TIM_OC4_SetConfig                      0x080033c8   Section        0  stm32f1xx_hal_tim.o(i.TIM_OC4_SetConfig)
    TIM_OC4_SetConfig                        0x080033c9   Thumb Code    70  stm32f1xx_hal_tim.o(i.TIM_OC4_SetConfig)
    i.UART_DMAAbortOnError                   0x08003418   Section        0  stm32f1xx_hal_uart.o(i.UART_DMAAbortOnError)
    UART_DMAAbortOnError                     0x08003419   Thumb Code    16  stm32f1xx_hal_uart.o(i.UART_DMAAbortOnError)
    i.UART_EndRxTransfer                     0x08003428   Section        0  stm32f1xx_hal_uart.o(i.UART_EndRxTransfer)
    UART_EndRxTransfer                       0x08003429   Thumb Code    48  stm32f1xx_hal_uart.o(i.UART_EndRxTransfer)
    i.UART_Receive_IT                        0x08003458   Section        0  stm32f1xx_hal_uart.o(i.UART_Receive_IT)
    UART_Receive_IT                          0x08003459   Thumb Code   182  stm32f1xx_hal_uart.o(i.UART_Receive_IT)
    i.UART_SetConfig                         0x08003510   Section        0  stm32f1xx_hal_uart.o(i.UART_SetConfig)
    UART_SetConfig                           0x08003511   Thumb Code   178  stm32f1xx_hal_uart.o(i.UART_SetConfig)
    i.UART_Start_Receive_IT                  0x080035c8   Section        0  stm32f1xx_hal_uart.o(i.UART_Start_Receive_IT)
    i.USART1_IRQHandler                      0x08003600   Section        0  stm32f1xx_it.o(i.USART1_IRQHandler)
    i.UsageFault_Handler                     0x0800360c   Section        0  stm32f1xx_it.o(i.UsageFault_Handler)
    i.WZPid                                  0x0800360e   Section        0  pid.o(i.WZPid)
    i.WZPid_Init                             0x080036ac   Section        0  pid.o(i.WZPid_Init)
    i.WZ_Pid_Calculation                     0x080036bc   Section        0  pid.o(i.WZ_Pid_Calculation)
    i.__NVIC_SetPriority                     0x08003734   Section        0  stm32f1xx_hal_cortex.o(i.__NVIC_SetPriority)
    __NVIC_SetPriority                       0x08003735   Thumb Code    32  stm32f1xx_hal_cortex.o(i.__NVIC_SetPriority)
    i.main                                   0x08003754   Section        0  main.o(i.main)
    x$fpl$fadd                               0x080037b8   Section      196  faddsub_clz.o(x$fpl$fadd)
    _fadd1                                   0x080037c7   Thumb Code     0  faddsub_clz.o(x$fpl$fadd)
    x$fpl$fcmpinf                            0x0800387c   Section       24  fcmpi.o(x$fpl$fcmpinf)
    x$fpl$ffix                               0x08003894   Section       54  ffix.o(x$fpl$ffix)
    x$fpl$fflt                               0x080038cc   Section       48  fflt_clz.o(x$fpl$fflt)
    x$fpl$fleqf                              0x080038fc   Section      104  fleqf.o(x$fpl$fleqf)
    x$fpl$fmul                               0x08003964   Section      258  fmul.o(x$fpl$fmul)
    x$fpl$fnaninf                            0x08003a66   Section      140  fnaninf.o(x$fpl$fnaninf)
    x$fpl$fretinf                            0x08003af2   Section       10  fretinf.o(x$fpl$fretinf)
    x$fpl$frleqf                             0x08003afc   Section       98  frleqf.o(x$fpl$frleqf)
    x$fpl$fsub                               0x08003b60   Section      234  faddsub_clz.o(x$fpl$fsub)
    _fsub1                                   0x08003b6f   Thumb Code     0  faddsub_clz.o(x$fpl$fsub)
    .constdata                               0x08003c4a   Section       16  system_stm32f1xx.o(.constdata)
    x$fpl$usenofp                            0x08003c4a   Section        0  usenofp.o(x$fpl$usenofp)
    .constdata                               0x08003c5a   Section        8  system_stm32f1xx.o(.constdata)
    .data                                    0x20000000   Section        8  tracking.o(.data)
    .data                                    0x20000008   Section        2  opencv.o(.data)
    .data                                    0x2000000c   Section       12  stm32f1xx_hal.o(.data)
    .data                                    0x20000018   Section        4  system_stm32f1xx.o(.data)
    .data                                    0x2000001c   Section       12  mode.o(.data)
    .bss                                     0x20000028   Section      144  pid.o(.bss)
    .bss                                     0x200000b8   Section       28  tracking.o(.bss)
    .bss                                     0x200000d4   Section       32  chassis.o(.bss)
    .bss                                     0x200000f4   Section       84  i2c.o(.bss)
    .bss                                     0x20000148   Section      504  tim_1.o(.bss)
    .bss                                     0x20000340   Section       68  usart.o(.bss)
    .bss                                     0x20000384   Section       96  libspace.o(.bss)
    HEAP                                     0x200003e8   Section      512  startup_stm32f103xe.o(HEAP)
    Heap_Mem                                 0x200003e8   Data         512  startup_stm32f103xe.o(HEAP)
    STACK                                    0x200005e8   Section     1024  startup_stm32f103xe.o(STACK)
    Stack_Mem                                0x200005e8   Data        1024  startup_stm32f103xe.o(STACK)
    __initial_sp                             0x200009e8   Data           0  startup_stm32f103xe.o(STACK)

    Global Symbols

    Symbol Name                              Value     Ov Type        Size  Object(Section)

    BuildAttributes$$THM_ISAv4$P$D$K$B$S$PE$A:L22UL41UL21$X:L11$S22US41US21$IEEE1$IW$USESV6$~STKCKD$USESV7$~SHL$OSPACE$ROPI$EBA8$UX$STANDARDLIB$REQ8$PRES8$EABIv2 0x00000000   Number         0  anon$$obj.o ABSOLUTE
    __ARM_use_no_argv                        0x00000000   Number         0  main.o ABSOLUTE
    __ARM_exceptions_init                     - Undefined Weak Reference
    __alloca_initialize                       - Undefined Weak Reference
    __arm_preinit_                            - Undefined Weak Reference
    __cpp_initialize__aeabi_                  - Undefined Weak Reference
    __cxa_finalize                            - Undefined Weak Reference
    __rt_locale                               - Undefined Weak Reference
    __sigvec_lookup                           - Undefined Weak Reference
    _atexit_init                              - Undefined Weak Reference
    _call_atexit_fns                          - Undefined Weak Reference
    _clock_init                               - Undefined Weak Reference
    _fp_trap_init                             - Undefined Weak Reference
    _fp_trap_shutdown                         - Undefined Weak Reference
    _get_lc_collate                           - Undefined Weak Reference
    _get_lc_ctype                             - Undefined Weak Reference
    _get_lc_monetary                          - Undefined Weak Reference
    _get_lc_numeric                           - Undefined Weak Reference
    _get_lc_time                              - Undefined Weak Reference
    _getenv_init                              - Undefined Weak Reference
    _handle_redirection                       - Undefined Weak Reference
    _init_alloc                               - Undefined Weak Reference
    _init_user_alloc                          - Undefined Weak Reference
    _initio                                   - Undefined Weak Reference
    _rand_init                                - Undefined Weak Reference
    _signal_finish                            - Undefined Weak Reference
    _signal_init                              - Undefined Weak Reference
    _terminate_alloc                          - Undefined Weak Reference
    _terminate_user_alloc                     - Undefined Weak Reference
    _terminateio                              - Undefined Weak Reference
    __Vectors_Size                           0x00000130   Number         0  startup_stm32f103xe.o ABSOLUTE
    __Vectors                                0x08000000   Data           4  startup_stm32f103xe.o(RESET)
    __Vectors_End                            0x08000130   Data           0  startup_stm32f103xe.o(RESET)
    __main                                   0x08000131   Thumb Code     8  __main.o(!!!main)
    __scatterload                            0x08000139   Thumb Code     0  __scatter.o(!!!scatter)
    __scatterload_rt2                        0x08000139   Thumb Code    44  __scatter.o(!!!scatter)
    __scatterload_rt2_thumb_only             0x08000139   Thumb Code     0  __scatter.o(!!!scatter)
    __scatterload_null                       0x08000147   Thumb Code     0  __scatter.o(!!!scatter)
    __scatterload_copy                       0x0800016d   Thumb Code    26  __scatter_copy.o(!!handler_copy)
    __scatterload_zeroinit                   0x08000189   Thumb Code    28  __scatter_zi.o(!!handler_zi)
    __rt_lib_init                            0x080001a5   Thumb Code     0  libinit.o(.ARM.Collect$$libinit$$00000000)
    __rt_lib_init_alloca_1                   0x080001a7   Thumb Code     0  libinit2.o(.ARM.Collect$$libinit$$0000002E)
    __rt_lib_init_argv_1                     0x080001a7   Thumb Code     0  libinit2.o(.ARM.Collect$$libinit$$0000002C)
    __rt_lib_init_atexit_1                   0x080001a7   Thumb Code     0  libinit2.o(.ARM.Collect$$libinit$$0000001B)
    __rt_lib_init_clock_1                    0x080001a7   Thumb Code     0  libinit2.o(.ARM.Collect$$libinit$$00000021)
    __rt_lib_init_cpp_1                      0x080001a7   Thumb Code     0  libinit2.o(.ARM.Collect$$libinit$$00000032)
    __rt_lib_init_exceptions_1               0x080001a7   Thumb Code     0  libinit2.o(.ARM.Collect$$libinit$$00000030)
    __rt_lib_init_fp_1                       0x080001a7   Thumb Code     0  libinit2.o(.ARM.Collect$$libinit$$00000002)
    __rt_lib_init_fp_trap_1                  0x080001a7   Thumb Code     0  libinit2.o(.ARM.Collect$$libinit$$0000001F)
    __rt_lib_init_getenv_1                   0x080001a7   Thumb Code     0  libinit2.o(.ARM.Collect$$libinit$$00000023)
    __rt_lib_init_heap_1                     0x080001a7   Thumb Code     0  libinit2.o(.ARM.Collect$$libinit$$0000000A)
    __rt_lib_init_lc_collate_1               0x080001a7   Thumb Code     0  libinit2.o(.ARM.Collect$$libinit$$00000011)
    __rt_lib_init_lc_ctype_1                 0x080001a7   Thumb Code     0  libinit2.o(.ARM.Collect$$libinit$$00000013)
    __rt_lib_init_lc_monetary_1              0x080001a7   Thumb Code     0  libinit2.o(.ARM.Collect$$libinit$$00000015)
    __rt_lib_init_lc_numeric_1               0x080001a7   Thumb Code     0  libinit2.o(.ARM.Collect$$libinit$$00000017)
    __rt_lib_init_lc_time_1                  0x080001a7   Thumb Code     0  libinit2.o(.ARM.Collect$$libinit$$00000019)
    __rt_lib_init_preinit_1                  0x080001a7   Thumb Code     0  libinit2.o(.ARM.Collect$$libinit$$00000004)
    __rt_lib_init_rand_1                     0x080001a7   Thumb Code     0  libinit2.o(.ARM.Collect$$libinit$$0000000E)
    __rt_lib_init_return                     0x080001a7   Thumb Code     0  libinit2.o(.ARM.Collect$$libinit$$00000033)
    __rt_lib_init_signal_1                   0x080001a7   Thumb Code     0  libinit2.o(.ARM.Collect$$libinit$$0000001D)
    __rt_lib_init_stdio_1                    0x080001a7   Thumb Code     0  libinit2.o(.ARM.Collect$$libinit$$00000025)
    __rt_lib_init_user_alloc_1               0x080001a7   Thumb Code     0  libinit2.o(.ARM.Collect$$libinit$$0000000C)
    __rt_lib_shutdown                        0x080001a9   Thumb Code     0  libshutdown.o(.ARM.Collect$$libshutdown$$00000000)
    __rt_lib_shutdown_cpp_1                  0x080001ab   Thumb Code     0  libshutdown2.o(.ARM.Collect$$libshutdown$$00000002)
    __rt_lib_shutdown_fp_trap_1              0x080001ab   Thumb Code     0  libshutdown2.o(.ARM.Collect$$libshutdown$$00000007)
    __rt_lib_shutdown_heap_1                 0x080001ab   Thumb Code     0  libshutdown2.o(.ARM.Collect$$libshutdown$$0000000F)
    __rt_lib_shutdown_return                 0x080001ab   Thumb Code     0  libshutdown2.o(.ARM.Collect$$libshutdown$$00000010)
    __rt_lib_shutdown_signal_1               0x080001ab   Thumb Code     0  libshutdown2.o(.ARM.Collect$$libshutdown$$0000000A)
    __rt_lib_shutdown_stdio_1                0x080001ab   Thumb Code     0  libshutdown2.o(.ARM.Collect$$libshutdown$$00000004)
    __rt_lib_shutdown_user_alloc_1           0x080001ab   Thumb Code     0  libshutdown2.o(.ARM.Collect$$libshutdown$$0000000C)
    __rt_entry                               0x080001ad   Thumb Code     0  __rtentry.o(.ARM.Collect$$rtentry$$00000000)
    __rt_entry_presh_1                       0x080001ad   Thumb Code     0  __rtentry2.o(.ARM.Collect$$rtentry$$00000002)
    __rt_entry_sh                            0x080001ad   Thumb Code     0  __rtentry4.o(.ARM.Collect$$rtentry$$00000004)
    __rt_entry_li                            0x080001b3   Thumb Code     0  __rtentry2.o(.ARM.Collect$$rtentry$$0000000A)
    __rt_entry_postsh_1                      0x080001b3   Thumb Code     0  __rtentry2.o(.ARM.Collect$$rtentry$$00000009)
    __rt_entry_main                          0x080001b7   Thumb Code     0  __rtentry2.o(.ARM.Collect$$rtentry$$0000000D)
    __rt_entry_postli_1                      0x080001b7   Thumb Code     0  __rtentry2.o(.ARM.Collect$$rtentry$$0000000C)
    __rt_exit                                0x080001bf   Thumb Code     0  rtexit.o(.ARM.Collect$$rtexit$$00000000)
    __rt_exit_ls                             0x080001c1   Thumb Code     0  rtexit2.o(.ARM.Collect$$rtexit$$00000003)
    __rt_exit_prels_1                        0x080001c1   Thumb Code     0  rtexit2.o(.ARM.Collect$$rtexit$$00000002)
    __rt_exit_exit                           0x080001c5   Thumb Code     0  rtexit2.o(.ARM.Collect$$rtexit$$00000004)
    Reset_Handler                            0x080001cd   Thumb Code     8  startup_stm32f103xe.o(.text)
    ADC1_2_IRQHandler                        0x080001e7   Thumb Code     0  startup_stm32f103xe.o(.text)
    ADC3_IRQHandler                          0x080001e7   Thumb Code     0  startup_stm32f103xe.o(.text)
    CAN1_RX1_IRQHandler                      0x080001e7   Thumb Code     0  startup_stm32f103xe.o(.text)
    CAN1_SCE_IRQHandler                      0x080001e7   Thumb Code     0  startup_stm32f103xe.o(.text)
    DMA1_Channel1_IRQHandler                 0x080001e7   Thumb Code     0  startup_stm32f103xe.o(.text)
    DMA1_Channel2_IRQHandler                 0x080001e7   Thumb Code     0  startup_stm32f103xe.o(.text)
    DMA1_Channel3_IRQHandler                 0x080001e7   Thumb Code     0  startup_stm32f103xe.o(.text)
    DMA1_Channel4_IRQHandler                 0x080001e7   Thumb Code     0  startup_stm32f103xe.o(.text)
    DMA1_Channel5_IRQHandler                 0x080001e7   Thumb Code     0  startup_stm32f103xe.o(.text)
    DMA1_Channel6_IRQHandler                 0x080001e7   Thumb Code     0  startup_stm32f103xe.o(.text)
    DMA1_Channel7_IRQHandler                 0x080001e7   Thumb Code     0  startup_stm32f103xe.o(.text)
    DMA2_Channel1_IRQHandler                 0x080001e7   Thumb Code     0  startup_stm32f103xe.o(.text)
    DMA2_Channel2_IRQHandler                 0x080001e7   Thumb Code     0  startup_stm32f103xe.o(.text)
    DMA2_Channel3_IRQHandler                 0x080001e7   Thumb Code     0  startup_stm32f103xe.o(.text)
    DMA2_Channel4_5_IRQHandler               0x080001e7   Thumb Code     0  startup_stm32f103xe.o(.text)
    EXTI0_IRQHandler                         0x080001e7   Thumb Code     0  startup_stm32f103xe.o(.text)
    EXTI15_10_IRQHandler                     0x080001e7   Thumb Code     0  startup_stm32f103xe.o(.text)
    EXTI1_IRQHandler                         0x080001e7   Thumb Code     0  startup_stm32f103xe.o(.text)
    EXTI2_IRQHandler                         0x080001e7   Thumb Code     0  startup_stm32f103xe.o(.text)
    EXTI3_IRQHandler                         0x080001e7   Thumb Code     0  startup_stm32f103xe.o(.text)
    EXTI4_IRQHandler                         0x080001e7   Thumb Code     0  startup_stm32f103xe.o(.text)
    EXTI9_5_IRQHandler                       0x080001e7   Thumb Code     0  startup_stm32f103xe.o(.text)
    FLASH_IRQHandler                         0x080001e7   Thumb Code     0  startup_stm32f103xe.o(.text)
    FSMC_IRQHandler                          0x080001e7   Thumb Code     0  startup_stm32f103xe.o(.text)
    I2C2_ER_IRQHandler                       0x080001e7   Thumb Code     0  startup_stm32f103xe.o(.text)
    I2C2_EV_IRQHandler                       0x080001e7   Thumb Code     0  startup_stm32f103xe.o(.text)
    PVD_IRQHandler                           0x080001e7   Thumb Code     0  startup_stm32f103xe.o(.text)
    RCC_IRQHandler                           0x080001e7   Thumb Code     0  startup_stm32f103xe.o(.text)
    RTC_Alarm_IRQHandler                     0x080001e7   Thumb Code     0  startup_stm32f103xe.o(.text)
    RTC_IRQHandler                           0x080001e7   Thumb Code     0  startup_stm32f103xe.o(.text)
    SDIO_IRQHandler                          0x080001e7   Thumb Code     0  startup_stm32f103xe.o(.text)
    SPI1_IRQHandler                          0x080001e7   Thumb Code     0  startup_stm32f103xe.o(.text)
    SPI2_IRQHandler                          0x080001e7   Thumb Code     0  startup_stm32f103xe.o(.text)
    SPI3_IRQHandler                          0x080001e7   Thumb Code     0  startup_stm32f103xe.o(.text)
    TAMPER_IRQHandler                        0x080001e7   Thumb Code     0  startup_stm32f103xe.o(.text)
    TIM1_BRK_IRQHandler                      0x080001e7   Thumb Code     0  startup_stm32f103xe.o(.text)
    TIM1_CC_IRQHandler                       0x080001e7   Thumb Code     0  startup_stm32f103xe.o(.text)
    TIM1_TRG_COM_IRQHandler                  0x080001e7   Thumb Code     0  startup_stm32f103xe.o(.text)
    TIM1_UP_IRQHandler                       0x080001e7   Thumb Code     0  startup_stm32f103xe.o(.text)
    TIM2_IRQHandler                          0x080001e7   Thumb Code     0  startup_stm32f103xe.o(.text)
    TIM3_IRQHandler                          0x080001e7   Thumb Code     0  startup_stm32f103xe.o(.text)
    TIM4_IRQHandler                          0x080001e7   Thumb Code     0  startup_stm32f103xe.o(.text)
    TIM5_IRQHandler                          0x080001e7   Thumb Code     0  startup_stm32f103xe.o(.text)
    TIM7_IRQHandler                          0x080001e7   Thumb Code     0  startup_stm32f103xe.o(.text)
    TIM8_BRK_IRQHandler                      0x080001e7   Thumb Code     0  startup_stm32f103xe.o(.text)
    TIM8_CC_IRQHandler                       0x080001e7   Thumb Code     0  startup_stm32f103xe.o(.text)
    TIM8_TRG_COM_IRQHandler                  0x080001e7   Thumb Code     0  startup_stm32f103xe.o(.text)
    TIM8_UP_IRQHandler                       0x080001e7   Thumb Code     0  startup_stm32f103xe.o(.text)
    UART4_IRQHandler                         0x080001e7   Thumb Code     0  startup_stm32f103xe.o(.text)
    UART5_IRQHandler                         0x080001e7   Thumb Code     0  startup_stm32f103xe.o(.text)
    USART2_IRQHandler                        0x080001e7   Thumb Code     0  startup_stm32f103xe.o(.text)
    USART3_IRQHandler                        0x080001e7   Thumb Code     0  startup_stm32f103xe.o(.text)
    USBWakeUp_IRQHandler                     0x080001e7   Thumb Code     0  startup_stm32f103xe.o(.text)
    USB_HP_CAN1_TX_IRQHandler                0x080001e7   Thumb Code     0  startup_stm32f103xe.o(.text)
    USB_LP_CAN1_RX0_IRQHandler               0x080001e7   Thumb Code     0  startup_stm32f103xe.o(.text)
    WWDG_IRQHandler                          0x080001e7   Thumb Code     0  startup_stm32f103xe.o(.text)
    __user_initial_stackheap                 0x080001e9   Thumb Code     0  startup_stm32f103xe.o(.text)
    __aeabi_memclr4                          0x0800020d   Thumb Code     0  rt_memclr_w.o(.text)
    __aeabi_memclr8                          0x0800020d   Thumb Code     0  rt_memclr_w.o(.text)
    __rt_memclr_w                            0x0800020d   Thumb Code    78  rt_memclr_w.o(.text)
    _memset_w                                0x08000211   Thumb Code     0  rt_memclr_w.o(.text)
    __use_two_region_memory                  0x0800025b   Thumb Code     2  heapauxi.o(.text)
    __rt_heap_escrow$2region                 0x0800025d   Thumb Code     2  heapauxi.o(.text)
    __rt_heap_expand$2region                 0x0800025f   Thumb Code     2  heapauxi.o(.text)
    __user_setup_stackheap                   0x08000261   Thumb Code    74  sys_stackheap_outer.o(.text)
    exit                                     0x080002ab   Thumb Code    18  exit.o(.text)
    __user_libspace                          0x080002bd   Thumb Code     8  libspace.o(.text)
    __user_perproc_libspace                  0x080002bd   Thumb Code     0  libspace.o(.text)
    __user_perthread_libspace                0x080002bd   Thumb Code     0  libspace.o(.text)
    _sys_exit                                0x080002c5   Thumb Code     8  sys_exit.o(.text)
    __I$use$semihosting                      0x080002d1   Thumb Code     0  use_no_semi.o(.text)
    __use_no_semihosting_swi                 0x080002d1   Thumb Code     2  use_no_semi.o(.text)
    __semihosting_library_function           0x080002d3   Thumb Code     0  indicate_semi.o(.text)
    ALL_Pid_Init                             0x080002d5   Thumb Code    80  pid.o(i.ALL_Pid_Init)
    BusFault_Handler                         0x08000335   Thumb Code     2  stm32f1xx_it.o(i.BusFault_Handler)
    Car_Forward                              0x08000339   Thumb Code    12  chassis.o(i.Car_Forward)
    Car_Target_Speed                         0x08000349   Thumb Code   104  tracking.o(i.Car_Target_Speed)
    Car_Turn                                 0x080003b5   Thumb Code    12  chassis.o(i.Car_Turn)
    Chassis_Init                             0x080003c5   Thumb Code    38  chassis.o(i.Chassis_Init)
    Chassis_Output_Zero                      0x080003f1   Thumb Code    30  pid.o(i.Chassis_Output_Zero)
    Chassis_WZPid_Output                     0x08000411   Thumb Code    50  pid.o(i.Chassis_WZPid_Output)
    DebugMon_Handler                         0x08000449   Thumb Code     2  stm32f1xx_it.o(i.DebugMon_Handler)
    Encoder_Init                             0x0800044d   Thumb Code    38  encoder.o(i.Encoder_Init)
    Error_Handler                            0x08000485   Thumb Code     4  main.o(i.Error_Handler)
    HAL_DMA_Abort                            0x08000489   Thumb Code    70  stm32f1xx_hal_dma.o(i.HAL_DMA_Abort)
    HAL_DMA_Abort_IT                         0x080004d1   Thumb Code   296  stm32f1xx_hal_dma.o(i.HAL_DMA_Abort_IT)
    HAL_DMA_GetState                         0x08000601   Thumb Code     6  stm32f1xx_hal_dma.o(i.HAL_DMA_GetState)
    HAL_GPIO_Init                            0x08000609   Thumb Code   462  stm32f1xx_hal_gpio.o(i.HAL_GPIO_Init)
    HAL_GPIO_ReadPin                         0x08000801   Thumb Code    10  stm32f1xx_hal_gpio.o(i.HAL_GPIO_ReadPin)
    HAL_GPIO_WritePin                        0x0800080b   Thumb Code    10  stm32f1xx_hal_gpio.o(i.HAL_GPIO_WritePin)
    HAL_GetTick                              0x08000815   Thumb Code     6  stm32f1xx_hal.o(i.HAL_GetTick)
    HAL_I2C_AbortCpltCallback                0x08000821   Thumb Code     2  stm32f1xx_hal_i2c.o(i.HAL_I2C_AbortCpltCallback)
    HAL_I2C_AddrCallback                     0x08000823   Thumb Code     2  stm32f1xx_hal_i2c.o(i.HAL_I2C_AddrCallback)
    HAL_I2C_ER_IRQHandler                    0x08000825   Thumb Code   196  stm32f1xx_hal_i2c.o(i.HAL_I2C_ER_IRQHandler)
    HAL_I2C_EV_IRQHandler                    0x080008e9   Thumb Code   560  stm32f1xx_hal_i2c.o(i.HAL_I2C_EV_IRQHandler)
    HAL_I2C_ErrorCallback                    0x08000b19   Thumb Code     2  stm32f1xx_hal_i2c.o(i.HAL_I2C_ErrorCallback)
    HAL_I2C_Init                             0x08000b1d   Thumb Code   376  stm32f1xx_hal_i2c.o(i.HAL_I2C_Init)
    HAL_I2C_ListenCpltCallback               0x08000ca5   Thumb Code     2  stm32f1xx_hal_i2c.o(i.HAL_I2C_ListenCpltCallback)
    HAL_I2C_MasterRxCpltCallback             0x08000ca7   Thumb Code     2  stm32f1xx_hal_i2c.o(i.HAL_I2C_MasterRxCpltCallback)
    HAL_I2C_MasterTxCpltCallback             0x08000ca9   Thumb Code     2  stm32f1xx_hal_i2c.o(i.HAL_I2C_MasterTxCpltCallback)
    HAL_I2C_MemRxCpltCallback                0x08000cab   Thumb Code     2  stm32f1xx_hal_i2c.o(i.HAL_I2C_MemRxCpltCallback)
    HAL_I2C_MemTxCpltCallback                0x08000cad   Thumb Code     2  stm32f1xx_hal_i2c.o(i.HAL_I2C_MemTxCpltCallback)
    HAL_I2C_MspInit                          0x08000cb1   Thumb Code   112  i2c.o(i.HAL_I2C_MspInit)
    HAL_I2C_SlaveRxCpltCallback              0x08000d2d   Thumb Code     2  stm32f1xx_hal_i2c.o(i.HAL_I2C_SlaveRxCpltCallback)
    HAL_I2C_SlaveTxCpltCallback              0x08000d2f   Thumb Code     2  stm32f1xx_hal_i2c.o(i.HAL_I2C_SlaveTxCpltCallback)
    HAL_IncTick                              0x08000d31   Thumb Code    12  stm32f1xx_hal.o(i.HAL_IncTick)
    HAL_Init                                 0x08000d41   Thumb Code    32  stm32f1xx_hal.o(i.HAL_Init)
    HAL_InitTick                             0x08000d65   Thumb Code    54  stm32f1xx_hal.o(i.HAL_InitTick)
    HAL_MspInit                              0x08000da5   Thumb Code    52  stm32f1xx_hal_msp.o(i.HAL_MspInit)
    HAL_NVIC_EnableIRQ                       0x08000de1   Thumb Code    26  stm32f1xx_hal_cortex.o(i.HAL_NVIC_EnableIRQ)
    HAL_NVIC_SetPriority                     0x08000dfd   Thumb Code    60  stm32f1xx_hal_cortex.o(i.HAL_NVIC_SetPriority)
    HAL_NVIC_SetPriorityGrouping             0x08000e3d   Thumb Code    26  stm32f1xx_hal_cortex.o(i.HAL_NVIC_SetPriorityGrouping)
    HAL_RCC_ClockConfig                      0x08000e61   Thumb Code   280  stm32f1xx_hal_rcc.o(i.HAL_RCC_ClockConfig)
    HAL_RCC_GetPCLK1Freq                     0x08000f8d   Thumb Code    20  stm32f1xx_hal_rcc.o(i.HAL_RCC_GetPCLK1Freq)
    HAL_RCC_GetPCLK2Freq                     0x08000fad   Thumb Code    20  stm32f1xx_hal_rcc.o(i.HAL_RCC_GetPCLK2Freq)
    HAL_RCC_GetSysClockFreq                  0x08000fcd   Thumb Code    74  stm32f1xx_hal_rcc.o(i.HAL_RCC_GetSysClockFreq)
    HAL_RCC_OscConfig                        0x08001039   Thumb Code   778  stm32f1xx_hal_rcc.o(i.HAL_RCC_OscConfig)
    HAL_SYSTICK_Config                       0x08001359   Thumb Code    40  stm32f1xx_hal_cortex.o(i.HAL_SYSTICK_Config)
    HAL_TIMEx_BreakCallback                  0x08001381   Thumb Code     2  stm32f1xx_hal_tim_ex.o(i.HAL_TIMEx_BreakCallback)
    HAL_TIMEx_CommutCallback                 0x08001383   Thumb Code     2  stm32f1xx_hal_tim_ex.o(i.HAL_TIMEx_CommutCallback)
    HAL_TIMEx_MasterConfigSynchronization    0x08001385   Thumb Code   104  stm32f1xx_hal_tim_ex.o(i.HAL_TIMEx_MasterConfigSynchronization)
    HAL_TIM_Base_Init                        0x08001401   Thumb Code    90  stm32f1xx_hal_tim.o(i.HAL_TIM_Base_Init)
    HAL_TIM_Base_MspInit                     0x0800145d   Thumb Code    50  tim_1.o(i.HAL_TIM_Base_MspInit)
    HAL_TIM_Base_Start_IT                    0x08001499   Thumb Code    88  stm32f1xx_hal_tim.o(i.HAL_TIM_Base_Start_IT)
    HAL_TIM_Encoder_Init                     0x08001505   Thumb Code   164  stm32f1xx_hal_tim.o(i.HAL_TIM_Encoder_Init)
    HAL_TIM_Encoder_MspInit                  0x080015a9   Thumb Code   256  tim_1.o(i.HAL_TIM_Encoder_MspInit)
    HAL_TIM_Encoder_Start                    0x080016d1   Thumb Code   142  stm32f1xx_hal_tim.o(i.HAL_TIM_Encoder_Start)
    HAL_TIM_IC_CaptureCallback               0x0800175f   Thumb Code     2  stm32f1xx_hal_tim.o(i.HAL_TIM_IC_CaptureCallback)
    HAL_TIM_IRQHandler                       0x08001761   Thumb Code   358  stm32f1xx_hal_tim.o(i.HAL_TIM_IRQHandler)
    HAL_TIM_MspPostInit                      0x080018c9   Thumb Code   128  tim_1.o(i.HAL_TIM_MspPostInit)
    HAL_TIM_OC_DelayElapsedCallback          0x08001959   Thumb Code     2  stm32f1xx_hal_tim.o(i.HAL_TIM_OC_DelayElapsedCallback)
    HAL_TIM_PWM_ConfigChannel                0x0800195b   Thumb Code   198  stm32f1xx_hal_tim.o(i.HAL_TIM_PWM_ConfigChannel)
    HAL_TIM_PWM_Init                         0x08001a21   Thumb Code    90  stm32f1xx_hal_tim.o(i.HAL_TIM_PWM_Init)
    HAL_TIM_PWM_MspInit                      0x08001a7d   Thumb Code    52  tim_1.o(i.HAL_TIM_PWM_MspInit)
    HAL_TIM_PWM_PulseFinishedCallback        0x08001ab9   Thumb Code     2  stm32f1xx_hal_tim.o(i.HAL_TIM_PWM_PulseFinishedCallback)
    HAL_TIM_PWM_Start                        0x08001abd   Thumb Code   160  stm32f1xx_hal_tim.o(i.HAL_TIM_PWM_Start)
    HAL_TIM_PeriodElapsedCallback            0x08001b71   Thumb Code     2  stm32f1xx_hal_tim.o(i.HAL_TIM_PeriodElapsedCallback)
    HAL_TIM_TriggerCallback                  0x08001b73   Thumb Code     2  stm32f1xx_hal_tim.o(i.HAL_TIM_TriggerCallback)
    HAL_UARTEx_RxEventCallback               0x08001b75   Thumb Code     2  stm32f1xx_hal_uart.o(i.HAL_UARTEx_RxEventCallback)
    HAL_UART_ErrorCallback                   0x08001b77   Thumb Code     2  stm32f1xx_hal_uart.o(i.HAL_UART_ErrorCallback)
    HAL_UART_IRQHandler                      0x08001b79   Thumb Code   520  stm32f1xx_hal_uart.o(i.HAL_UART_IRQHandler)
    HAL_UART_Init                            0x08001d85   Thumb Code    98  stm32f1xx_hal_uart.o(i.HAL_UART_Init)
    HAL_UART_MspInit                         0x08001de9   Thumb Code   116  usart.o(i.HAL_UART_MspInit)
    HAL_UART_Receive_IT                      0x08001e69   Thumb Code    42  stm32f1xx_hal_uart.o(i.HAL_UART_Receive_IT)
    HAL_UART_RxCpltCallback                  0x08001e95   Thumb Code    34  opencv.o(i.HAL_UART_RxCpltCallback)
    HAL_UART_TxCpltCallback                  0x08001ec5   Thumb Code     2  stm32f1xx_hal_uart.o(i.HAL_UART_TxCpltCallback)
    HardFault_Handler                        0x08001ec7   Thumb Code     2  stm32f1xx_it.o(i.HardFault_Handler)
    I2C1_ER_IRQHandler                       0x08001ec9   Thumb Code     6  stm32f1xx_it.o(i.I2C1_ER_IRQHandler)
    I2C1_EV_IRQHandler                       0x08001ed5   Thumb Code     6  stm32f1xx_it.o(i.I2C1_EV_IRQHandler)
    Judge_Turn_Amplitude                     0x08002899   Thumb Code   126  tracking.o(i.Judge_Turn_Amplitude)
    MX_GPIO_Init                             0x08002921   Thumb Code   166  gpio.o(i.MX_GPIO_Init)
    MX_I2C1_Init                             0x080029d9   Thumb Code    50  i2c.o(i.MX_I2C1_Init)
    MX_TIM1_Init                             0x08002a19   Thumb Code   100  tim_1.o(i.MX_TIM1_Init)
    MX_TIM2_Init                             0x08002a85   Thumb Code   106  tim_1.o(i.MX_TIM2_Init)
    MX_TIM3_Init                             0x08002af5   Thumb Code   152  tim_1.o(i.MX_TIM3_Init)
    MX_TIM4_Init                             0x08002b95   Thumb Code    98  tim_1.o(i.MX_TIM4_Init)
    MX_TIM5_Init                             0x08002c01   Thumb Code    98  tim_1.o(i.MX_TIM5_Init)
    MX_TIM6_Init                             0x08002c6d   Thumb Code    60  tim_1.o(i.MX_TIM6_Init)
    MX_TIM8_Init                             0x08002cb1   Thumb Code   100  tim_1.o(i.MX_TIM8_Init)
    MX_USART1_UART_Init                      0x08002d1d   Thumb Code    48  usart.o(i.MX_USART1_UART_Init)
    MemManage_Handler                        0x08002d55   Thumb Code     2  stm32f1xx_it.o(i.MemManage_Handler)
    Moto1_Draw_Back                          0x08002d59   Thumb Code    36  chassis.o(i.Moto1_Draw_Back)
    Moto1_Go_Forward                         0x08002d85   Thumb Code    34  chassis.o(i.Moto1_Go_Forward)
    Moto1_Speed_Output                       0x08002db1   Thumb Code    18  chassis.o(i.Moto1_Speed_Output)
    Moto1_Stop                               0x08002dc5   Thumb Code    34  chassis.o(i.Moto1_Stop)
    Moto2_Draw_Back                          0x08002df1   Thumb Code    36  chassis.o(i.Moto2_Draw_Back)
    Moto2_Go_Forward                         0x08002e1d   Thumb Code    34  chassis.o(i.Moto2_Go_Forward)
    Moto2_Speed_Output                       0x08002e49   Thumb Code    18  chassis.o(i.Moto2_Speed_Output)
    Moto2_Stop                               0x08002e5d   Thumb Code    34  chassis.o(i.Moto2_Stop)
    Moto3_Draw_Back                          0x08002e89   Thumb Code    36  chassis.o(i.Moto3_Draw_Back)
    Moto3_Go_Forward                         0x08002eb5   Thumb Code    34  chassis.o(i.Moto3_Go_Forward)
    Moto3_Speed_Output                       0x08002ee1   Thumb Code    18  chassis.o(i.Moto3_Speed_Output)
    Moto3_Stop                               0x08002ef5   Thumb Code    34  chassis.o(i.Moto3_Stop)
    Moto4_Draw_Back                          0x08002f21   Thumb Code    36  chassis.o(i.Moto4_Draw_Back)
    Moto4_Go_Forward                         0x08002f4d   Thumb Code    36  chassis.o(i.Moto4_Go_Forward)
    Moto4_Speed_Output                       0x08002f79   Thumb Code    18  chassis.o(i.Moto4_Speed_Output)
    Moto4_Stop                               0x08002f8d   Thumb Code    36  chassis.o(i.Moto4_Stop)
    NMI_Handler                              0x08002fb9   Thumb Code     2  stm32f1xx_it.o(i.NMI_Handler)
    Opencv_Init                              0x08002fbd   Thumb Code    10  opencv.o(i.Opencv_Init)
    PendSV_Handler                           0x08002fd1   Thumb Code     2  stm32f1xx_it.o(i.PendSV_Handler)
    Read_Encoder_Speed                       0x08002fd5   Thumb Code    60  encoder.o(i.Read_Encoder_Speed)
    Read_GPIO                                0x08003025   Thumb Code    78  tracking.o(i.Read_GPIO)
    SVC_Handler                              0x0800307d   Thumb Code     2  stm32f1xx_it.o(i.SVC_Handler)
    Steering_Engine_Init                     0x08003081   Thumb Code     8  steering_engine.o(i.Steering_Engine_Init)
    Steering_Engine_Prick_Balloon            0x0800308d   Thumb Code    12  steering_engine.o(i.Steering_Engine_Prick_Balloon)
    Steering_Engine_Stop                     0x0800309d   Thumb Code    12  steering_engine.o(i.Steering_Engine_Stop)
    Step_Judge                               0x080030ad   Thumb Code    32  mode.o(i.Step_Judge)
    Step_One                                 0x080030d1   Thumb Code    70  mode.o(i.Step_One)
    Step_Three                               0x08003125   Thumb Code    60  mode.o(i.Step_Three)
    Step_Two                                 0x08003165   Thumb Code    14  mode.o(i.Step_Two)
    SysTick_Handler                          0x08003173   Thumb Code     4  stm32f1xx_it.o(i.SysTick_Handler)
    SystemClock_Config                       0x08003177   Thumb Code    94  main.o(i.SystemClock_Config)
    SystemInit                               0x080031d5   Thumb Code     2  system_stm32f1xx.o(i.SystemInit)
    TIM6_IRQHandler                          0x080031d9   Thumb Code    16  stm32f1xx_it.o(i.TIM6_IRQHandler)
    TIM_Base_SetConfig                       0x080031ed   Thumb Code   120  stm32f1xx_hal_tim.o(i.TIM_Base_SetConfig)
    TIM_CCxChannelCmd                        0x08003279   Thumb Code    26  stm32f1xx_hal_tim.o(i.TIM_CCxChannelCmd)
    TIM_OC2_SetConfig                        0x080032f5   Thumb Code    98  stm32f1xx_hal_tim.o(i.TIM_OC2_SetConfig)
    UART_Start_Receive_IT                    0x080035c9   Thumb Code    54  stm32f1xx_hal_uart.o(i.UART_Start_Receive_IT)
    USART1_IRQHandler                        0x08003601   Thumb Code     6  stm32f1xx_it.o(i.USART1_IRQHandler)
    UsageFault_Handler                       0x0800360d   Thumb Code     2  stm32f1xx_it.o(i.UsageFault_Handler)
    WZPid                                    0x0800360f   Thumb Code   158  pid.o(i.WZPid)
    WZPid_Init                               0x080036ad   Thumb Code    16  pid.o(i.WZPid_Init)
    WZ_Pid_Calculation                       0x080036bd   Thumb Code   110  pid.o(i.WZ_Pid_Calculation)
    main                                     0x08003755   Thumb Code    86  main.o(i.main)
    __aeabi_fadd                             0x080037b9   Thumb Code     0  faddsub_clz.o(x$fpl$fadd)
    _fadd                                    0x080037b9   Thumb Code   196  faddsub_clz.o(x$fpl$fadd)
    __fpl_fcmp_Inf                           0x0800387d   Thumb Code    24  fcmpi.o(x$fpl$fcmpinf)
    __aeabi_f2iz                             0x08003895   Thumb Code     0  ffix.o(x$fpl$ffix)
    _ffix                                    0x08003895   Thumb Code    54  ffix.o(x$fpl$ffix)
    __aeabi_i2f                              0x080038cd   Thumb Code     0  fflt_clz.o(x$fpl$fflt)
    _fflt                                    0x080038cd   Thumb Code    48  fflt_clz.o(x$fpl$fflt)
    __aeabi_cfcmple                          0x080038fd   Thumb Code     0  fleqf.o(x$fpl$fleqf)
    _fcmple                                  0x080038fd   Thumb Code   104  fleqf.o(x$fpl$fleqf)
    __fpl_fcmple_InfNaN                      0x0800394f   Thumb Code     0  fleqf.o(x$fpl$fleqf)
    __aeabi_fmul                             0x08003965   Thumb Code     0  fmul.o(x$fpl$fmul)
    _fmul                                    0x08003965   Thumb Code   258  fmul.o(x$fpl$fmul)
    __fpl_fnaninf                            0x08003a67   Thumb Code   140  fnaninf.o(x$fpl$fnaninf)
    __fpl_fretinf                            0x08003af3   Thumb Code    10  fretinf.o(x$fpl$fretinf)
    __aeabi_cfrcmple                         0x08003afd   Thumb Code     0  frleqf.o(x$fpl$frleqf)
    _frcmple                                 0x08003afd   Thumb Code    98  frleqf.o(x$fpl$frleqf)
    __aeabi_fsub                             0x08003b61   Thumb Code     0  faddsub_clz.o(x$fpl$fsub)
    _fsub                                    0x08003b61   Thumb Code   234  faddsub_clz.o(x$fpl$fsub)
    AHBPrescTable                            0x08003c4a   Data          16  system_stm32f1xx.o(.constdata)
    __I$use$fp                               0x08003c4a   Number         0  usenofp.o(x$fpl$usenofp)
    APBPrescTable                            0x08003c5a   Data           8  system_stm32f1xx.o(.constdata)
    Region$$Table$$Base                      0x08003c64   Number         0  anon$$obj.o(Region$$Table)
    Region$$Table$$Limit                     0x08003c84   Number         0  anon$$obj.o(Region$$Table)
    direction                                0x20000000   Data           1  tracking.o(.data)
    amplitude                                0x20000001   Data           1  tracking.o(.data)
    write_time                               0x20000004   Data           4  tracking.o(.data)
    flag_ballon                              0x20000008   Data           1  opencv.o(.data)
    Rx_data                                  0x20000009   Data           1  opencv.o(.data)
    uwTickFreq                               0x2000000c   Data           1  stm32f1xx_hal.o(.data)
    uwTickPrio                               0x20000010   Data           4  stm32f1xx_hal.o(.data)
    uwTick                                   0x20000014   Data           4  stm32f1xx_hal.o(.data)
    SystemCoreClock                          0x20000018   Data           4  system_stm32f1xx.o(.data)
    Step                                     0x2000001c   Data           1  mode.o(.data)
    flag_ballon2                             0x20000020   Data           4  mode.o(.data)
    Steering_engine_time                     0x20000024   Data           4  mode.o(.data)
    Pid                                      0x20000028   Data         144  pid.o(.bss)
    tracking                                 0x200000b8   Data          28  tracking.o(.bss)
    MotoData                                 0x200000d4   Data          32  chassis.o(.bss)
    hi2c1                                    0x200000f4   Data          84  i2c.o(.bss)
    htim1                                    0x20000148   Data          72  tim_1.o(.bss)
    htim2                                    0x20000190   Data          72  tim_1.o(.bss)
    htim3                                    0x200001d8   Data          72  tim_1.o(.bss)
    htim4                                    0x20000220   Data          72  tim_1.o(.bss)
    htim5                                    0x20000268   Data          72  tim_1.o(.bss)
    htim6                                    0x200002b0   Data          72  tim_1.o(.bss)
    htim8                                    0x200002f8   Data          72  tim_1.o(.bss)
    huart1                                   0x20000340   Data          68  usart.o(.bss)
    __libspace_start                         0x20000384   Data          96  libspace.o(.bss)
    __temporary_stack_top$libspace           0x200003e4   Data           0  libspace.o(.bss)



==============================================================================

Memory Map of the image

  Image Entry point : 0x08000131

  Load Region LR_IROM1 (Base: 0x08000000, Size: 0x00003cac, Max: 0x00080000, ABSOLUTE)

    Execution Region ER_IROM1 (Base: 0x08000000, Size: 0x00003c84, Max: 0x00080000, ABSOLUTE)

    Base Addr    Size         Type   Attr      Idx    E Section Name        Object

    0x08000000   0x00000130   Data   RO            3    RESET               startup_stm32f103xe.o
    0x08000130   0x00000008   Code   RO         3809  * !!!main             c_w.l(__main.o)
    0x08000138   0x00000034   Code   RO         3995    !!!scatter          c_w.l(__scatter.o)
    0x0800016c   0x0000001a   Code   RO         3997    !!handler_copy      c_w.l(__scatter_copy.o)
    0x08000186   0x00000002   PAD
    0x08000188   0x0000001c   Code   RO         3999    !!handler_zi        c_w.l(__scatter_zi.o)
    0x080001a4   0x00000002   Code   RO         3865    .ARM.Collect$$libinit$$00000000  c_w.l(libinit.o)
    0x080001a6   0x00000000   Code   RO         3872    .ARM.Collect$$libinit$$00000002  c_w.l(libinit2.o)
    0x080001a6   0x00000000   Code   RO         3874    .ARM.Collect$$libinit$$00000004  c_w.l(libinit2.o)
    0x080001a6   0x00000000   Code   RO         3877    .ARM.Collect$$libinit$$0000000A  c_w.l(libinit2.o)
    0x080001a6   0x00000000   Code   RO         3879    .ARM.Collect$$libinit$$0000000C  c_w.l(libinit2.o)
    0x080001a6   0x00000000   Code   RO         3881    .ARM.Collect$$libinit$$0000000E  c_w.l(libinit2.o)
    0x080001a6   0x00000000   Code   RO         3884    .ARM.Collect$$libinit$$00000011  c_w.l(libinit2.o)
    0x080001a6   0x00000000   Code   RO         3886    .ARM.Collect$$libinit$$00000013  c_w.l(libinit2.o)
    0x080001a6   0x00000000   Code   RO         3888    .ARM.Collect$$libinit$$00000015  c_w.l(libinit2.o)
    0x080001a6   0x00000000   Code   RO         3890    .ARM.Collect$$libinit$$00000017  c_w.l(libinit2.o)
    0x080001a6   0x00000000   Code   RO         3892    .ARM.Collect$$libinit$$00000019  c_w.l(libinit2.o)
    0x080001a6   0x00000000   Code   RO         3894    .ARM.Collect$$libinit$$0000001B  c_w.l(libinit2.o)
    0x080001a6   0x00000000   Code   RO         3896    .ARM.Collect$$libinit$$0000001D  c_w.l(libinit2.o)
    0x080001a6   0x00000000   Code   RO         3898    .ARM.Collect$$libinit$$0000001F  c_w.l(libinit2.o)
    0x080001a6   0x00000000   Code   RO         3900    .ARM.Collect$$libinit$$00000021  c_w.l(libinit2.o)
    0x080001a6   0x00000000   Code   RO         3902    .ARM.Collect$$libinit$$00000023  c_w.l(libinit2.o)
    0x080001a6   0x00000000   Code   RO         3904    .ARM.Collect$$libinit$$00000025  c_w.l(libinit2.o)
    0x080001a6   0x00000000   Code   RO         3908    .ARM.Collect$$libinit$$0000002C  c_w.l(libinit2.o)
    0x080001a6   0x00000000   Code   RO         3910    .ARM.Collect$$libinit$$0000002E  c_w.l(libinit2.o)
    0x080001a6   0x00000000   Code   RO         3912    .ARM.Collect$$libinit$$00000030  c_w.l(libinit2.o)
    0x080001a6   0x00000000   Code   RO         3914    .ARM.Collect$$libinit$$00000032  c_w.l(libinit2.o)
    0x080001a6   0x00000002   Code   RO         3915    .ARM.Collect$$libinit$$00000033  c_w.l(libinit2.o)
    0x080001a8   0x00000002   Code   RO         3935    .ARM.Collect$$libshutdown$$00000000  c_w.l(libshutdown.o)
    0x080001aa   0x00000000   Code   RO         3948    .ARM.Collect$$libshutdown$$00000002  c_w.l(libshutdown2.o)
    0x080001aa   0x00000000   Code   RO         3950    .ARM.Collect$$libshutdown$$00000004  c_w.l(libshutdown2.o)
    0x080001aa   0x00000000   Code   RO         3953    .ARM.Collect$$libshutdown$$00000007  c_w.l(libshutdown2.o)
    0x080001aa   0x00000000   Code   RO         3956    .ARM.Collect$$libshutdown$$0000000A  c_w.l(libshutdown2.o)
    0x080001aa   0x00000000   Code   RO         3958    .ARM.Collect$$libshutdown$$0000000C  c_w.l(libshutdown2.o)
    0x080001aa   0x00000000   Code   RO         3961    .ARM.Collect$$libshutdown$$0000000F  c_w.l(libshutdown2.o)
    0x080001aa   0x00000002   Code   RO         3962    .ARM.Collect$$libshutdown$$00000010  c_w.l(libshutdown2.o)
    0x080001ac   0x00000000   Code   RO         3831    .ARM.Collect$$rtentry$$00000000  c_w.l(__rtentry.o)
    0x080001ac   0x00000000   Code   RO         3840    .ARM.Collect$$rtentry$$00000002  c_w.l(__rtentry2.o)
    0x080001ac   0x00000006   Code   RO         3852    .ARM.Collect$$rtentry$$00000004  c_w.l(__rtentry4.o)
    0x080001b2   0x00000000   Code   RO         3842    .ARM.Collect$$rtentry$$00000009  c_w.l(__rtentry2.o)
    0x080001b2   0x00000004   Code   RO         3843    .ARM.Collect$$rtentry$$0000000A  c_w.l(__rtentry2.o)
    0x080001b6   0x00000000   Code   RO         3845    .ARM.Collect$$rtentry$$0000000C  c_w.l(__rtentry2.o)
    0x080001b6   0x00000008   Code   RO         3846    .ARM.Collect$$rtentry$$0000000D  c_w.l(__rtentry2.o)
    0x080001be   0x00000002   Code   RO         3869    .ARM.Collect$$rtexit$$00000000  c_w.l(rtexit.o)
    0x080001c0   0x00000000   Code   RO         3917    .ARM.Collect$$rtexit$$00000002  c_w.l(rtexit2.o)
    0x080001c0   0x00000004   Code   RO         3918    .ARM.Collect$$rtexit$$00000003  c_w.l(rtexit2.o)
    0x080001c4   0x00000006   Code   RO         3919    .ARM.Collect$$rtexit$$00000004  c_w.l(rtexit2.o)
    0x080001ca   0x00000002   PAD
    0x080001cc   0x00000040   Code   RO            4    .text               startup_stm32f103xe.o
    0x0800020c   0x0000004e   Code   RO         3805    .text               c_w.l(rt_memclr_w.o)
    0x0800025a   0x00000006   Code   RO         3807    .text               c_w.l(heapauxi.o)
    0x08000260   0x0000004a   Code   RO         3856    .text               c_w.l(sys_stackheap_outer.o)
    0x080002aa   0x00000012   Code   RO         3858    .text               c_w.l(exit.o)
    0x080002bc   0x00000008   Code   RO         3866    .text               c_w.l(libspace.o)
    0x080002c4   0x0000000c   Code   RO         3927    .text               c_w.l(sys_exit.o)
    0x080002d0   0x00000002   Code   RO         3938    .text               c_w.l(use_no_semi.o)
    0x080002d2   0x00000000   Code   RO         3940    .text               c_w.l(indicate_semi.o)
    0x080002d2   0x00000002   PAD
    0x080002d4   0x00000060   Code   RO           13    i.ALL_Pid_Init      pid.o
    0x08000334   0x00000002   Code   RO          811    i.BusFault_Handler  stm32f1xx_it.o
    0x08000336   0x00000002   PAD
    0x08000338   0x00000010   Code   RO          254    i.Car_Forward       chassis.o
    0x08000348   0x0000006c   Code   RO          211    i.Car_Target_Speed  tracking.o
    0x080003b4   0x00000010   Code   RO          255    i.Car_Turn          chassis.o
    0x080003c4   0x0000002c   Code   RO          256    i.Chassis_Init      chassis.o
    0x080003f0   0x0000001e   Code   RO           14    i.Chassis_Output_Zero  pid.o
    0x0800040e   0x00000002   PAD
    0x08000410   0x00000038   Code   RO           15    i.Chassis_WZPid_Output  pid.o
    0x08000448   0x00000002   Code   RO          812    i.DebugMon_Handler  stm32f1xx_it.o
    0x0800044a   0x00000002   PAD
    0x0800044c   0x00000038   Code   RO          381    i.Encoder_Init      encoder.o
    0x08000484   0x00000004   Code   RO          548    i.Error_Handler     main.o
    0x08000488   0x00000046   Code   RO         1792    i.HAL_DMA_Abort     stm32f1xx_hal_dma.o
    0x080004ce   0x00000002   PAD
    0x080004d0   0x00000130   Code   RO         1793    i.HAL_DMA_Abort_IT  stm32f1xx_hal_dma.o
    0x08000600   0x00000006   Code   RO         1796    i.HAL_DMA_GetState  stm32f1xx_hal_dma.o
    0x08000606   0x00000002   PAD
    0x08000608   0x000001f8   Code   RO         1728    i.HAL_GPIO_Init     stm32f1xx_hal_gpio.o
    0x08000800   0x0000000a   Code   RO         1730    i.HAL_GPIO_ReadPin  stm32f1xx_hal_gpio.o
    0x0800080a   0x0000000a   Code   RO         1732    i.HAL_GPIO_WritePin  stm32f1xx_hal_gpio.o
    0x08000814   0x0000000c   Code   RO         1424    i.HAL_GetTick       stm32f1xx_hal.o
    0x08000820   0x00000002   Code   RO          981    i.HAL_I2C_AbortCpltCallback  stm32f1xx_hal_i2c.o
    0x08000822   0x00000002   Code   RO          982    i.HAL_I2C_AddrCallback  stm32f1xx_hal_i2c.o
    0x08000824   0x000000c4   Code   RO          985    i.HAL_I2C_ER_IRQHandler  stm32f1xx_hal_i2c.o
    0x080008e8   0x00000230   Code   RO          986    i.HAL_I2C_EV_IRQHandler  stm32f1xx_hal_i2c.o
    0x08000b18   0x00000002   Code   RO          988    i.HAL_I2C_ErrorCallback  stm32f1xx_hal_i2c.o
    0x08000b1a   0x00000002   PAD
    0x08000b1c   0x00000188   Code   RO          992    i.HAL_I2C_Init      stm32f1xx_hal_i2c.o
    0x08000ca4   0x00000002   Code   RO          994    i.HAL_I2C_ListenCpltCallback  stm32f1xx_hal_i2c.o
    0x08000ca6   0x00000002   Code   RO          995    i.HAL_I2C_MasterRxCpltCallback  stm32f1xx_hal_i2c.o
    0x08000ca8   0x00000002   Code   RO          996    i.HAL_I2C_MasterTxCpltCallback  stm32f1xx_hal_i2c.o
    0x08000caa   0x00000002   Code   RO         1008    i.HAL_I2C_MemRxCpltCallback  stm32f1xx_hal_i2c.o
    0x08000cac   0x00000002   Code   RO         1009    i.HAL_I2C_MemTxCpltCallback  stm32f1xx_hal_i2c.o
    0x08000cae   0x00000002   PAD
    0x08000cb0   0x0000007c   Code   RO          620    i.HAL_I2C_MspInit   i2c.o
    0x08000d2c   0x00000002   Code   RO         1018    i.HAL_I2C_SlaveRxCpltCallback  stm32f1xx_hal_i2c.o
    0x08000d2e   0x00000002   Code   RO         1019    i.HAL_I2C_SlaveTxCpltCallback  stm32f1xx_hal_i2c.o
    0x08000d30   0x00000010   Code   RO         1430    i.HAL_IncTick       stm32f1xx_hal.o
    0x08000d40   0x00000024   Code   RO         1431    i.HAL_Init          stm32f1xx_hal.o
    0x08000d64   0x00000040   Code   RO         1432    i.HAL_InitTick      stm32f1xx_hal.o
    0x08000da4   0x0000003c   Code   RO          921    i.HAL_MspInit       stm32f1xx_hal_msp.o
    0x08000de0   0x0000001a   Code   RO         1888    i.HAL_NVIC_EnableIRQ  stm32f1xx_hal_cortex.o
    0x08000dfa   0x00000002   PAD
    0x08000dfc   0x00000040   Code   RO         1894    i.HAL_NVIC_SetPriority  stm32f1xx_hal_cortex.o
    0x08000e3c   0x00000024   Code   RO         1895    i.HAL_NVIC_SetPriorityGrouping  stm32f1xx_hal_cortex.o
    0x08000e60   0x0000012c   Code   RO         1588    i.HAL_RCC_ClockConfig  stm32f1xx_hal_rcc.o
    0x08000f8c   0x00000020   Code   RO         1595    i.HAL_RCC_GetPCLK1Freq  stm32f1xx_hal_rcc.o
    0x08000fac   0x00000020   Code   RO         1596    i.HAL_RCC_GetPCLK2Freq  stm32f1xx_hal_rcc.o
    0x08000fcc   0x0000006c   Code   RO         1597    i.HAL_RCC_GetSysClockFreq  stm32f1xx_hal_rcc.o
    0x08001038   0x00000320   Code   RO         1600    i.HAL_RCC_OscConfig  stm32f1xx_hal_rcc.o
    0x08001358   0x00000028   Code   RO         1899    i.HAL_SYSTICK_Config  stm32f1xx_hal_cortex.o
    0x08001380   0x00000002   Code   RO         3094    i.HAL_TIMEx_BreakCallback  stm32f1xx_hal_tim_ex.o
    0x08001382   0x00000002   Code   RO         3095    i.HAL_TIMEx_CommutCallback  stm32f1xx_hal_tim_ex.o
    0x08001384   0x0000007c   Code   RO         3113    i.HAL_TIMEx_MasterConfigSynchronization  stm32f1xx_hal_tim_ex.o
    0x08001400   0x0000005a   Code   RO         2390    i.HAL_TIM_Base_Init  stm32f1xx_hal_tim.o
    0x0800145a   0x00000002   PAD
    0x0800145c   0x0000003c   Code   RO          662    i.HAL_TIM_Base_MspInit  tim_1.o
    0x08001498   0x0000006c   Code   RO         2395    i.HAL_TIM_Base_Start_IT  stm32f1xx_hal_tim.o
    0x08001504   0x000000a4   Code   RO         2411    i.HAL_TIM_Encoder_Init  stm32f1xx_hal_tim.o
    0x080015a8   0x00000128   Code   RO          664    i.HAL_TIM_Encoder_MspInit  tim_1.o
    0x080016d0   0x0000008e   Code   RO         2414    i.HAL_TIM_Encoder_Start  stm32f1xx_hal_tim.o
    0x0800175e   0x00000002   Code   RO         2424    i.HAL_TIM_IC_CaptureCallback  stm32f1xx_hal_tim.o
    0x08001760   0x00000166   Code   RO         2438    i.HAL_TIM_IRQHandler  stm32f1xx_hal_tim.o
    0x080018c6   0x00000002   PAD
    0x080018c8   0x00000090   Code   RO          665    i.HAL_TIM_MspPostInit  tim_1.o
    0x08001958   0x00000002   Code   RO         2441    i.HAL_TIM_OC_DelayElapsedCallback  stm32f1xx_hal_tim.o
    0x0800195a   0x000000c6   Code   RO         2462    i.HAL_TIM_PWM_ConfigChannel  stm32f1xx_hal_tim.o
    0x08001a20   0x0000005a   Code   RO         2465    i.HAL_TIM_PWM_Init  stm32f1xx_hal_tim.o
    0x08001a7a   0x00000002   PAD
    0x08001a7c   0x0000003c   Code   RO          667    i.HAL_TIM_PWM_MspInit  tim_1.o
    0x08001ab8   0x00000002   Code   RO         2468    i.HAL_TIM_PWM_PulseFinishedCallback  stm32f1xx_hal_tim.o
    0x08001aba   0x00000002   PAD
    0x08001abc   0x000000b4   Code   RO         2470    i.HAL_TIM_PWM_Start  stm32f1xx_hal_tim.o
    0x08001b70   0x00000002   Code   RO         2476    i.HAL_TIM_PeriodElapsedCallback  stm32f1xx_hal_tim.o
    0x08001b72   0x00000002   Code   RO         2481    i.HAL_TIM_TriggerCallback  stm32f1xx_hal_tim.o
    0x08001b74   0x00000002   Code   RO         3372    i.HAL_UARTEx_RxEventCallback  stm32f1xx_hal_uart.o
    0x08001b76   0x00000002   Code   RO         3386    i.HAL_UART_ErrorCallback  stm32f1xx_hal_uart.o
    0x08001b78   0x0000020c   Code   RO         3389    i.HAL_UART_IRQHandler  stm32f1xx_hal_uart.o
    0x08001d84   0x00000062   Code   RO         3390    i.HAL_UART_Init     stm32f1xx_hal_uart.o
    0x08001de6   0x00000002   PAD
    0x08001de8   0x00000080   Code   RO          770    i.HAL_UART_MspInit  usart.o
    0x08001e68   0x0000002a   Code   RO         3395    i.HAL_UART_Receive_IT  stm32f1xx_hal_uart.o
    0x08001e92   0x00000002   PAD
    0x08001e94   0x00000030   Code   RO          508    i.HAL_UART_RxCpltCallback  opencv.o
    0x08001ec4   0x00000002   Code   RO         3401    i.HAL_UART_TxCpltCallback  stm32f1xx_hal_uart.o
    0x08001ec6   0x00000002   Code   RO          813    i.HardFault_Handler  stm32f1xx_it.o
    0x08001ec8   0x0000000c   Code   RO          814    i.I2C1_ER_IRQHandler  stm32f1xx_it.o
    0x08001ed4   0x0000000c   Code   RO          815    i.I2C1_EV_IRQHandler  stm32f1xx_it.o
    0x08001ee0   0x000000bc   Code   RO         1030    i.I2C_DMAAbort      stm32f1xx_hal_i2c.o
    0x08001f9c   0x00000158   Code   RO         1033    i.I2C_ITError       stm32f1xx_hal_i2c.o
    0x080020f4   0x000000d2   Code   RO         1035    i.I2C_MasterReceive_BTF  stm32f1xx_hal_i2c.o
    0x080021c6   0x00000002   PAD
    0x080021c8   0x000000e8   Code   RO         1036    i.I2C_MasterReceive_RXNE  stm32f1xx_hal_i2c.o
    0x080022b0   0x00000082   Code   RO         1039    i.I2C_MasterTransmit_BTF  stm32f1xx_hal_i2c.o
    0x08002332   0x00000002   PAD
    0x08002334   0x000000b6   Code   RO         1040    i.I2C_MasterTransmit_TXE  stm32f1xx_hal_i2c.o
    0x080023ea   0x00000002   PAD
    0x080023ec   0x00000158   Code   RO         1041    i.I2C_Master_ADDR   stm32f1xx_hal_i2c.o
    0x08002544   0x0000008c   Code   RO         1042    i.I2C_Master_SB     stm32f1xx_hal_i2c.o
    0x080025d0   0x000000a0   Code   RO         1043    i.I2C_MemoryTransmit_TXE_BTF  stm32f1xx_hal_i2c.o
    0x08002670   0x00000046   Code   RO         1046    i.I2C_Slave_ADDR    stm32f1xx_hal_i2c.o
    0x080026b6   0x00000002   PAD
    0x080026b8   0x00000084   Code   RO         1047    i.I2C_Slave_AF      stm32f1xx_hal_i2c.o
    0x0800273c   0x0000015c   Code   RO         1048    i.I2C_Slave_STOPF   stm32f1xx_hal_i2c.o
    0x08002898   0x00000088   Code   RO          212    i.Judge_Turn_Amplitude  tracking.o
    0x08002920   0x000000b8   Code   RO          595    i.MX_GPIO_Init      gpio.o
    0x080029d8   0x00000040   Code   RO          621    i.MX_I2C1_Init      i2c.o
    0x08002a18   0x0000006c   Code   RO          668    i.MX_TIM1_Init      tim_1.o
    0x08002a84   0x00000070   Code   RO          669    i.MX_TIM2_Init      tim_1.o
    0x08002af4   0x000000a0   Code   RO          670    i.MX_TIM3_Init      tim_1.o
    0x08002b94   0x0000006c   Code   RO          671    i.MX_TIM4_Init      tim_1.o
    0x08002c00   0x0000006c   Code   RO          672    i.MX_TIM5_Init      tim_1.o
    0x08002c6c   0x00000044   Code   RO          673    i.MX_TIM6_Init      tim_1.o
    0x08002cb0   0x0000006c   Code   RO          674    i.MX_TIM8_Init      tim_1.o
    0x08002d1c   0x00000038   Code   RO          771    i.MX_USART1_UART_Init  usart.o
    0x08002d54   0x00000002   Code   RO          816    i.MemManage_Handler  stm32f1xx_it.o
    0x08002d56   0x00000002   PAD
    0x08002d58   0x0000002c   Code   RO          257    i.Moto1_Draw_Back   chassis.o
    0x08002d84   0x0000002c   Code   RO          258    i.Moto1_Go_Forward  chassis.o
    0x08002db0   0x00000012   Code   RO          259    i.Moto1_Speed_Output  chassis.o
    0x08002dc2   0x00000002   PAD
    0x08002dc4   0x0000002c   Code   RO          260    i.Moto1_Stop        chassis.o
    0x08002df0   0x0000002c   Code   RO          261    i.Moto2_Draw_Back   chassis.o
    0x08002e1c   0x0000002c   Code   RO          262    i.Moto2_Go_Forward  chassis.o
    0x08002e48   0x00000012   Code   RO          263    i.Moto2_Speed_Output  chassis.o
    0x08002e5a   0x00000002   PAD
    0x08002e5c   0x0000002c   Code   RO          264    i.Moto2_Stop        chassis.o
    0x08002e88   0x0000002c   Code   RO          265    i.Moto3_Draw_Back   chassis.o
    0x08002eb4   0x0000002c   Code   RO          266    i.Moto3_Go_Forward  chassis.o
    0x08002ee0   0x00000012   Code   RO          267    i.Moto3_Speed_Output  chassis.o
    0x08002ef2   0x00000002   PAD
    0x08002ef4   0x0000002c   Code   RO          268    i.Moto3_Stop        chassis.o
    0x08002f20   0x0000002c   Code   RO          269    i.Moto4_Draw_Back   chassis.o
    0x08002f4c   0x0000002c   Code   RO          270    i.Moto4_Go_Forward  chassis.o
    0x08002f78   0x00000012   Code   RO          271    i.Moto4_Speed_Output  chassis.o
    0x08002f8a   0x00000002   PAD
    0x08002f8c   0x0000002c   Code   RO          272    i.Moto4_Stop        chassis.o
    0x08002fb8   0x00000002   Code   RO          817    i.NMI_Handler       stm32f1xx_it.o
    0x08002fba   0x00000002   PAD
    0x08002fbc   0x00000014   Code   RO          509    i.Opencv_Init       opencv.o
    0x08002fd0   0x00000002   Code   RO          818    i.PendSV_Handler    stm32f1xx_it.o
    0x08002fd2   0x00000002   PAD
    0x08002fd4   0x00000050   Code   RO          384    i.Read_Encoder_Speed  encoder.o
    0x08003024   0x00000058   Code   RO          213    i.Read_GPIO         tracking.o
    0x0800307c   0x00000002   Code   RO          819    i.SVC_Handler       stm32f1xx_it.o
    0x0800307e   0x00000002   PAD
    0x08003080   0x0000000c   Code   RO          172    i.Steering_Engine_Init  steering_engine.o
    0x0800308c   0x00000010   Code   RO          173    i.Steering_Engine_Prick_Balloon  steering_engine.o
    0x0800309c   0x00000010   Code   RO          174    i.Steering_Engine_Stop  steering_engine.o
    0x080030ac   0x00000024   Code   RO         3756    i.Step_Judge        mode.o
    0x080030d0   0x00000054   Code   RO         3757    i.Step_One          mode.o
    0x08003124   0x00000040   Code   RO         3758    i.Step_Three        mode.o
    0x08003164   0x0000000e   Code   RO         3759    i.Step_Two          mode.o
    0x08003172   0x00000004   Code   RO          820    i.SysTick_Handler   stm32f1xx_it.o
    0x08003176   0x0000005e   Code   RO          549    i.SystemClock_Config  main.o
    0x080031d4   0x00000002   Code   RO         3719    i.SystemInit        system_stm32f1xx.o
    0x080031d6   0x00000002   PAD
    0x080031d8   0x00000014   Code   RO          821    i.TIM6_IRQHandler   stm32f1xx_it.o
    0x080031ec   0x0000008c   Code   RO         2483    i.TIM_Base_SetConfig  stm32f1xx_hal_tim.o
    0x08003278   0x0000001a   Code   RO         2484    i.TIM_CCxChannelCmd  stm32f1xx_hal_tim.o
    0x08003292   0x00000002   PAD
    0x08003294   0x00000060   Code   RO         2496    i.TIM_OC1_SetConfig  stm32f1xx_hal_tim.o
    0x080032f4   0x0000006c   Code   RO         2497    i.TIM_OC2_SetConfig  stm32f1xx_hal_tim.o
    0x08003360   0x00000068   Code   RO         2498    i.TIM_OC3_SetConfig  stm32f1xx_hal_tim.o
    0x080033c8   0x00000050   Code   RO         2499    i.TIM_OC4_SetConfig  stm32f1xx_hal_tim.o
    0x08003418   0x00000010   Code   RO         3403    i.UART_DMAAbortOnError  stm32f1xx_hal_uart.o
    0x08003428   0x00000030   Code   RO         3413    i.UART_EndRxTransfer  stm32f1xx_hal_uart.o
    0x08003458   0x000000b6   Code   RO         3415    i.UART_Receive_IT   stm32f1xx_hal_uart.o
    0x0800350e   0x00000002   PAD
    0x08003510   0x000000b8   Code   RO         3416    i.UART_SetConfig    stm32f1xx_hal_uart.o
    0x080035c8   0x00000036   Code   RO         3418    i.UART_Start_Receive_IT  stm32f1xx_hal_uart.o
    0x080035fe   0x00000002   PAD
    0x08003600   0x0000000c   Code   RO          822    i.USART1_IRQHandler  stm32f1xx_it.o
    0x0800360c   0x00000002   Code   RO          823    i.UsageFault_Handler  stm32f1xx_it.o
    0x0800360e   0x0000009e   Code   RO           16    i.WZPid             pid.o
    0x080036ac   0x00000010   Code   RO           17    i.WZPid_Init        pid.o
    0x080036bc   0x00000078   Code   RO           18    i.WZ_Pid_Calculation  pid.o
    0x08003734   0x00000020   Code   RO         1901    i.__NVIC_SetPriority  stm32f1xx_hal_cortex.o
    0x08003754   0x00000064   Code   RO          550    i.main              main.o
    0x080037b8   0x000000c4   Code   RO         3811    x$fpl$fadd          fz_ws.l(faddsub_clz.o)
    0x0800387c   0x00000018   Code   RO         3854    x$fpl$fcmpinf       fz_ws.l(fcmpi.o)
    0x08003894   0x00000036   Code   RO         3817    x$fpl$ffix          fz_ws.l(ffix.o)
    0x080038ca   0x00000002   PAD
    0x080038cc   0x00000030   Code   RO         3822    x$fpl$fflt          fz_ws.l(fflt_clz.o)
    0x080038fc   0x00000068   Code   RO         3832    x$fpl$fleqf         fz_ws.l(fleqf.o)
    0x08003964   0x00000102   Code   RO         3827    x$fpl$fmul          fz_ws.l(fmul.o)
    0x08003a66   0x0000008c   Code   RO         3834    x$fpl$fnaninf       fz_ws.l(fnaninf.o)
    0x08003af2   0x0000000a   Code   RO         3836    x$fpl$fretinf       fz_ws.l(fretinf.o)
    0x08003afc   0x00000062   Code   RO         3829    x$fpl$frleqf        fz_ws.l(frleqf.o)
    0x08003b5e   0x00000002   PAD
    0x08003b60   0x000000ea   Code   RO         3813    x$fpl$fsub          fz_ws.l(faddsub_clz.o)
    0x08003c4a   0x00000000   Code   RO         3838    x$fpl$usenofp       fz_ws.l(usenofp.o)
    0x08003c4a   0x00000010   Data   RO         3720    .constdata          system_stm32f1xx.o
    0x08003c5a   0x00000008   Data   RO         3721    .constdata          system_stm32f1xx.o
    0x08003c62   0x00000002   PAD
    0x08003c64   0x00000020   Data   RO         3993    Region$$Table       anon$$obj.o


    Execution Region RW_IRAM1 (Base: 0x20000000, Size: 0x000009e8, Max: 0x00010000, ABSOLUTE)

    Base Addr    Size         Type   Attr      Idx    E Section Name        Object

    0x20000000   0x00000008   Data   RW          215    .data               tracking.o
    0x20000008   0x00000002   Data   RW          510    .data               opencv.o
    0x2000000a   0x00000002   PAD
    0x2000000c   0x0000000c   Data   RW         1438    .data               stm32f1xx_hal.o
    0x20000018   0x00000004   Data   RW         3722    .data               system_stm32f1xx.o
    0x2000001c   0x0000000c   Data   RW         3760    .data               mode.o
    0x20000028   0x00000090   Zero   RW           19    .bss                pid.o
    0x200000b8   0x0000001c   Zero   RW          214    .bss                tracking.o
    0x200000d4   0x00000020   Zero   RW          273    .bss                chassis.o
    0x200000f4   0x00000054   Zero   RW          622    .bss                i2c.o
    0x20000148   0x000001f8   Zero   RW          675    .bss                tim_1.o
    0x20000340   0x00000044   Zero   RW          772    .bss                usart.o
    0x20000384   0x00000060   Zero   RW         3867    .bss                c_w.l(libspace.o)
    0x200003e4   0x00000004   PAD
    0x200003e8   0x00000200   Zero   RW            2    HEAP                startup_stm32f103xe.o
    0x200005e8   0x00000400   Zero   RW            1    STACK               startup_stm32f103xe.o


==============================================================================

Image component sizes


      Code (inc. data)   RO Data    RW Data    ZI Data      Debug   Object Name

       676        122          0          0         32       9449   chassis.o
       136         38          0          0          0        856   encoder.o
       184         18          0          0          0        927   gpio.o
       188         26          0          0         84       1513   i2c.o
       198         14          0          0          0       1848   main.o
       198         22          0         12          0       2417   mode.o
        68         24          0          2          0       1334   opencv.o
       476         32          0          0        144     496864   pid.o
        64         26        304          0       1536        788   startup_stm32f103xe.o
        44         12          0          0          0       1266   steering_engine.o
       128         24          0         12          0       5729   stm32f1xx_hal.o
       198         14          0          0          0      28799   stm32f1xx_hal_cortex.o
       380          8          0          0          0       2294   stm32f1xx_hal_dma.o
       524         42          0          0          0       3439   stm32f1xx_hal_gpio.o
      3648         54          0          0          0      21337   stm32f1xx_hal_i2c.o
        60          8          0          0          0        794   stm32f1xx_hal_msp.o
      1272        100          0          0          0       5044   stm32f1xx_hal_rcc.o
      1894         96          0          0          0      14363   stm32f1xx_hal_tim.o
       128         20          0          0          0       2273   stm32f1xx_hal_tim_ex.o
      1154         10          0          0          0       8172   stm32f1xx_hal_uart.o
        76         22          0          0          0       5230   stm32f1xx_it.o
         2          0         24          4          0       1023   system_stm32f1xx.o
      1332        132          0          0        504       7226   tim_1.o
       332         30          0          8         28       2224   tracking.o
       184         20          0          0         68       1550   usart.o

    ----------------------------------------------------------------------
     13604        914        362         40       2396     626759   Object Totals
         0          0         32          0          0          0   (incl. Generated)
        60          0          2          2          0          0   (incl. Padding)

    ----------------------------------------------------------------------

      Code (inc. data)   RO Data    RW Data    ZI Data      Debug   Library Member Name

         8          0          0          0          0         68   __main.o
         0          0          0          0          0          0   __rtentry.o
        12          0          0          0          0          0   __rtentry2.o
         6          0          0          0          0          0   __rtentry4.o
        52          8          0          0          0          0   __scatter.o
        26          0          0          0          0          0   __scatter_copy.o
        28          0          0          0          0          0   __scatter_zi.o
        18          0          0          0          0         80   exit.o
         6          0          0          0          0        152   heapauxi.o
         0          0          0          0          0          0   indicate_semi.o
         2          0          0          0          0          0   libinit.o
         2          0          0          0          0          0   libinit2.o
         2          0          0          0          0          0   libshutdown.o
         2          0          0          0          0          0   libshutdown2.o
         8          4          0          0         96         68   libspace.o
        78          0          0          0          0         80   rt_memclr_w.o
         2          0          0          0          0          0   rtexit.o
        10          0          0          0          0          0   rtexit2.o
        12          4          0          0          0         68   sys_exit.o
        74          0          0          0          0         80   sys_stackheap_outer.o
         2          0          0          0          0         68   use_no_semi.o
       430          8          0          0          0        168   faddsub_clz.o
        24          0          0          0          0         68   fcmpi.o
        54          4          0          0          0         84   ffix.o
        48          0          0          0          0         68   fflt_clz.o
       104          4          0          0          0         84   fleqf.o
       258          4          0          0          0         84   fmul.o
       140          4          0          0          0         84   fnaninf.o
        10          0          0          0          0         68   fretinf.o
        98          0          0          0          0         68   frleqf.o
         0          0          0          0          0          0   usenofp.o

    ----------------------------------------------------------------------
      1526         40          0          0        100       1440   Library Totals
        10          0          0          0          4          0   (incl. Padding)

    ----------------------------------------------------------------------

      Code (inc. data)   RO Data    RW Data    ZI Data      Debug   Library Name

       350         16          0          0         96        664   c_w.l
      1166         24          0          0          0        776   fz_ws.l

    ----------------------------------------------------------------------
      1526         40          0          0        100       1440   Library Totals

    ----------------------------------------------------------------------

==============================================================================


      Code (inc. data)   RO Data    RW Data    ZI Data      Debug   

     15130        954        362         40       2496     619927   Grand Totals
     15130        954        362         40       2496     619927   ELF Image Totals
     15130        954        362         40          0          0   ROM Totals

==============================================================================

    Total RO  Size (Code + RO Data)                15492 (  15.13kB)
    Total RW  Size (RW Data + ZI Data)              2536 (   2.48kB)
    Total ROM Size (Code + RO Data + RW Data)      15532 (  15.17kB)

==============================================================================

